Archive member included to satisfy reference by file (symbol)

c:/st/stm32cubeide_1.10.1/stm32cubeide/plugins/com.st.stm32cube.ide.mcu.externaltools.gnu-tools-for-stm32.10.3-2021.10.win32_1.0.0.202111181127/tools/bin/../lib/gcc/arm-none-eabi/10.3.1/../../../../arm-none-eabi/lib/thumb/v7-m/nofp\libc_nano.a(lib_a-errno.o)
                              ./src/bsp/syscalls.o (__errno)
c:/st/stm32cubeide_1.10.1/stm32cubeide/plugins/com.st.stm32cube.ide.mcu.externaltools.gnu-tools-for-stm32.10.3-2021.10.win32_1.0.0.202111181127/tools/bin/../lib/gcc/arm-none-eabi/10.3.1/../../../../arm-none-eabi/lib/thumb/v7-m/nofp\libc_nano.a(lib_a-exit.o)
                              c:/st/stm32cubeide_1.10.1/stm32cubeide/plugins/com.st.stm32cube.ide.mcu.externaltools.gnu-tools-for-stm32.10.3-2021.10.win32_1.0.0.202111181127/tools/bin/../lib/gcc/arm-none-eabi/10.3.1/../../../../arm-none-eabi/lib/thumb/v7-m/nofp/crt0.o (exit)
c:/st/stm32cubeide_1.10.1/stm32cubeide/plugins/com.st.stm32cube.ide.mcu.externaltools.gnu-tools-for-stm32.10.3-2021.10.win32_1.0.0.202111181127/tools/bin/../lib/gcc/arm-none-eabi/10.3.1/../../../../arm-none-eabi/lib/thumb/v7-m/nofp\libc_nano.a(lib_a-impure.o)
                              c:/st/stm32cubeide_1.10.1/stm32cubeide/plugins/com.st.stm32cube.ide.mcu.externaltools.gnu-tools-for-stm32.10.3-2021.10.win32_1.0.0.202111181127/tools/bin/../lib/gcc/arm-none-eabi/10.3.1/../../../../arm-none-eabi/lib/thumb/v7-m/nofp\libc_nano.a(lib_a-exit.o) (_global_impure_ptr)
c:/st/stm32cubeide_1.10.1/stm32cubeide/plugins/com.st.stm32cube.ide.mcu.externaltools.gnu-tools-for-stm32.10.3-2021.10.win32_1.0.0.202111181127/tools/bin/../lib/gcc/arm-none-eabi/10.3.1/../../../../arm-none-eabi/lib/thumb/v7-m/nofp\libc_nano.a(lib_a-init.o)
                              c:/st/stm32cubeide_1.10.1/stm32cubeide/plugins/com.st.stm32cube.ide.mcu.externaltools.gnu-tools-for-stm32.10.3-2021.10.win32_1.0.0.202111181127/tools/bin/../lib/gcc/arm-none-eabi/10.3.1/../../../../arm-none-eabi/lib/thumb/v7-m/nofp/crt0.o (__libc_init_array)
c:/st/stm32cubeide_1.10.1/stm32cubeide/plugins/com.st.stm32cube.ide.mcu.externaltools.gnu-tools-for-stm32.10.3-2021.10.win32_1.0.0.202111181127/tools/bin/../lib/gcc/arm-none-eabi/10.3.1/../../../../arm-none-eabi/lib/thumb/v7-m/nofp\libc_nano.a(lib_a-memset.o)
                              c:/st/stm32cubeide_1.10.1/stm32cubeide/plugins/com.st.stm32cube.ide.mcu.externaltools.gnu-tools-for-stm32.10.3-2021.10.win32_1.0.0.202111181127/tools/bin/../lib/gcc/arm-none-eabi/10.3.1/../../../../arm-none-eabi/lib/thumb/v7-m/nofp/crt0.o (memset)

Discarded input sections

 .text          0x0000000000000000        0x0 c:/st/stm32cubeide_1.10.1/stm32cubeide/plugins/com.st.stm32cube.ide.mcu.externaltools.gnu-tools-for-stm32.10.3-2021.10.win32_1.0.0.202111181127/tools/bin/../lib/gcc/arm-none-eabi/10.3.1/thumb/v7-m/nofp/crti.o
 .data          0x0000000000000000        0x0 c:/st/stm32cubeide_1.10.1/stm32cubeide/plugins/com.st.stm32cube.ide.mcu.externaltools.gnu-tools-for-stm32.10.3-2021.10.win32_1.0.0.202111181127/tools/bin/../lib/gcc/arm-none-eabi/10.3.1/thumb/v7-m/nofp/crti.o
 .bss           0x0000000000000000        0x0 c:/st/stm32cubeide_1.10.1/stm32cubeide/plugins/com.st.stm32cube.ide.mcu.externaltools.gnu-tools-for-stm32.10.3-2021.10.win32_1.0.0.202111181127/tools/bin/../lib/gcc/arm-none-eabi/10.3.1/thumb/v7-m/nofp/crti.o
 .data          0x0000000000000000        0x4 c:/st/stm32cubeide_1.10.1/stm32cubeide/plugins/com.st.stm32cube.ide.mcu.externaltools.gnu-tools-for-stm32.10.3-2021.10.win32_1.0.0.202111181127/tools/bin/../lib/gcc/arm-none-eabi/10.3.1/thumb/v7-m/nofp/crtbegin.o
 .rodata        0x0000000000000000       0x24 c:/st/stm32cubeide_1.10.1/stm32cubeide/plugins/com.st.stm32cube.ide.mcu.externaltools.gnu-tools-for-stm32.10.3-2021.10.win32_1.0.0.202111181127/tools/bin/../lib/gcc/arm-none-eabi/10.3.1/thumb/v7-m/nofp/crtbegin.o
 .text          0x0000000000000000       0x7c c:/st/stm32cubeide_1.10.1/stm32cubeide/plugins/com.st.stm32cube.ide.mcu.externaltools.gnu-tools-for-stm32.10.3-2021.10.win32_1.0.0.202111181127/tools/bin/../lib/gcc/arm-none-eabi/10.3.1/../../../../arm-none-eabi/lib/thumb/v7-m/nofp/crt0.o
 .data          0x0000000000000000        0x0 c:/st/stm32cubeide_1.10.1/stm32cubeide/plugins/com.st.stm32cube.ide.mcu.externaltools.gnu-tools-for-stm32.10.3-2021.10.win32_1.0.0.202111181127/tools/bin/../lib/gcc/arm-none-eabi/10.3.1/../../../../arm-none-eabi/lib/thumb/v7-m/nofp/crt0.o
 .bss           0x0000000000000000        0x0 c:/st/stm32cubeide_1.10.1/stm32cubeide/plugins/com.st.stm32cube.ide.mcu.externaltools.gnu-tools-for-stm32.10.3-2021.10.win32_1.0.0.202111181127/tools/bin/../lib/gcc/arm-none-eabi/10.3.1/../../../../arm-none-eabi/lib/thumb/v7-m/nofp/crt0.o
[...]
Memory Configuration

Name             Origin             Length             Attributes
RAM              0x0000000020000000 0x0000000000005000 xrw
FLASH            0x0000000008000000 0x0000000000010000 xr
*default*        0x0000000000000000 0xffffffffffffffff

Linker script and memory map

LOAD c:/st/stm32cubeide_1.10.1/stm32cubeide/plugins/com.st.stm32cube.ide.mcu.externaltools.gnu-tools-for-stm32.10.3-2021.10.win32_1.0.0.202111181127/tools/bin/../lib/gcc/arm-none-eabi/10.3.1/thumb/v7-m/nofp/crti.o
LOAD c:/st/stm32cubeide_1.10.1/stm32cubeide/plugins/com.st.stm32cube.ide.mcu.externaltools.gnu-tools-for-stm32.10.3-2021.10.win32_1.0.0.202111181127/tools/bin/../lib/gcc/arm-none-eabi/10.3.1/thumb/v7-m/nofp/crtbegin.o
LOAD c:/st/stm32cubeide_1.10.1/stm32cubeide/plugins/com.st.stm32cube.ide.mcu.externaltools.gnu-tools-for-stm32.10.3-2021.10.win32_1.0.0.202111181127/tools/bin/../lib/gcc/arm-none-eabi/10.3.1/../../../../arm-none-eabi/lib/thumb/v7-m/nofp/crt0.o
LOAD ./src/ap/ap.o
LOAD ./src/bsp/bsp.o
LOAD ./src/bsp/stm32f1xx_hal_msp.o
LOAD ./src/bsp/stm32f1xx_it.o
LOAD ./src/bsp/syscalls.o
LOAD ./src/bsp/sysmem.o
LOAD ./src/bsp/system_stm32f1xx.o
LOAD ./src/bsp/startup/startup_stm32f103c8tx.o
LOAD ./src/hw/driver/led.o
LOAD ./src/hw/hw.o
LOAD ./src/lib/cube_f103/Drivers/STM32F1xx_HAL_Driver/Src/stm32f1xx_hal.o
LOAD ./src/lib/cube_f103/Drivers/STM32F1xx_HAL_Driver/Src/stm32f1xx_hal_cortex.o
LOAD ./src/lib/cube_f103/Drivers/STM32F1xx_HAL_Driver/Src/stm32f1xx_hal_dma.o
LOAD ./src/lib/cube_f103/Drivers/STM32F1xx_HAL_Driver/Src/stm32f1xx_hal_exti.o
LOAD ./src/lib/cube_f103/Drivers/STM32F1xx_HAL_Driver/Src/stm32f1xx_hal_flash.o
LOAD ./src/lib/cube_f103/Drivers/STM32F1xx_HAL_Driver/Src/stm32f1xx_hal_flash_ex.o
LOAD ./src/lib/cube_f103/Drivers/STM32F1xx_HAL_Driver/Src/stm32f1xx_hal_gpio.o
LOAD ./src/lib/cube_f103/Drivers/STM32F1xx_HAL_Driver/Src/stm32f1xx_hal_gpio_ex.o
LOAD ./src/lib/cube_f103/Drivers/STM32F1xx_HAL_Driver/Src/stm32f1xx_hal_pwr.o
LOAD ./src/lib/cube_f103/Drivers/STM32F1xx_HAL_Driver/Src/stm32f1xx_hal_rcc.o
LOAD ./src/lib/cube_f103/Drivers/STM32F1xx_HAL_Driver/Src/stm32f1xx_hal_rcc_ex.o
LOAD ./src/lib/cube_f103/Drivers/STM32F1xx_HAL_Driver/Src/stm32f1xx_hal_tim.o
LOAD ./src/lib/cube_f103/Drivers/STM32F1xx_HAL_Driver/Src/stm32f1xx_hal_tim_ex.o
LOAD ./src/main.o
START GROUP
LOAD c:/st/stm32cubeide_1.10.1/stm32cubeide/plugins/com.st.stm32cube.ide.mcu.externaltools.gnu-tools-for-stm32.10.3-2021.10.win32_1.0.0.202111181127/tools/bin/../lib/gcc/arm-none-eabi/10.3.1/../../../../arm-none-eabi/lib/thumb/v7-m/nofp\libc_nano.a
LOAD c:/st/stm32cubeide_1.10.1/stm32cubeide/plugins/com.st.stm32cube.ide.mcu.externaltools.gnu-tools-for-stm32.10.3-2021.10.win32_1.0.0.202111181127/tools/bin/../lib/gcc/arm-none-eabi/10.3.1/../../../../arm-none-eabi/lib/thumb/v7-m/nofp\libm.a
END GROUP
START GROUP
LOAD c:/st/stm32cubeide_1.10.1/stm32cubeide/plugins/com.st.stm32cube.ide.mcu.externaltools.gnu-tools-for-stm32.10.3-2021.10.win32_1.0.0.202111181127/tools/bin/../lib/gcc/arm-none-eabi/10.3.1/thumb/v7-m/nofp\libgcc.a
LOAD c:/st/stm32cubeide_1.10.1/stm32cubeide/plugins/com.st.stm32cube.ide.mcu.externaltools.gnu-tools-for-stm32.10.3-2021.10.win32_1.0.0.202111181127/tools/bin/../lib/gcc/arm-none-eabi/10.3.1/../../../../arm-none-eabi/lib/thumb/v7-m/nofp\libc_nano.a
END GROUP
START GROUP
LOAD c:/st/stm32cubeide_1.10.1/stm32cubeide/plugins/com.st.stm32cube.ide.mcu.externaltools.gnu-tools-for-stm32.10.3-2021.10.win32_1.0.0.202111181127/tools/bin/../lib/gcc/arm-none-eabi/10.3.1/thumb/v7-m/nofp\libgcc.a
LOAD c:/st/stm32cubeide_1.10.1/stm32cubeide/plugins/com.st.stm32cube.ide.mcu.externaltools.gnu-tools-for-stm32.10.3-2021.10.win32_1.0.0.202111181127/tools/bin/../lib/gcc/arm-none-eabi/10.3.1/../../../../arm-none-eabi/lib/thumb/v7-m/nofp\libc_nano.a
LOAD c:/st/stm32cubeide_1.10.1/stm32cubeide/plugins/com.st.stm32cube.ide.mcu.externaltools.gnu-tools-for-stm32.10.3-2021.10.win32_1.0.0.202111181127/tools/bin/../lib/gcc/arm-none-eabi/10.3.1/../../../../arm-none-eabi/lib/thumb/v7-m/nofp\libnosys.a
END GROUP
START GROUP
LOAD c:/st/stm32cubeide_1.10.1/stm32cubeide/plugins/com.st.stm32cube.ide.mcu.externaltools.gnu-tools-for-stm32.10.3-2021.10.win32_1.0.0.202111181127/tools/bin/../lib/gcc/arm-none-eabi/10.3.1/thumb/v7-m/nofp\libgcc.a
LOAD c:/st/stm32cubeide_1.10.1/stm32cubeide/plugins/com.st.stm32cube.ide.mcu.externaltools.gnu-tools-for-stm32.10.3-2021.10.win32_1.0.0.202111181127/tools/bin/../lib/gcc/arm-none-eabi/10.3.1/../../../../arm-none-eabi/lib/thumb/v7-m/nofp\libc_nano.a
LOAD c:/st/stm32cubeide_1.10.1/stm32cubeide/plugins/com.st.stm32cube.ide.mcu.externaltools.gnu-tools-for-stm32.10.3-2021.10.win32_1.0.0.202111181127/tools/bin/../lib/gcc/arm-none-eabi/10.3.1/../../../../arm-none-eabi/lib/thumb/v7-m/nofp\libnosys.a
END GROUP
LOAD c:/st/stm32cubeide_1.10.1/stm32cubeide/plugins/com.st.stm32cube.ide.mcu.externaltools.gnu-tools-for-stm32.10.3-2021.10.win32_1.0.0.202111181127/tools/bin/../lib/gcc/arm-none-eabi/10.3.1/thumb/v7-m/nofp/crtend.o
LOAD c:/st/stm32cubeide_1.10.1/stm32cubeide/plugins/com.st.stm32cube.ide.mcu.externaltools.gnu-tools-for-stm32.10.3-2021.10.win32_1.0.0.202111181127/tools/bin/../lib/gcc/arm-none-eabi/10.3.1/thumb/v7-m/nofp/crtn.o
                0x0000000020005000                _estack = (ORIGIN (RAM) + LENGTH (RAM))
                0x0000000000000200                _Min_Heap_Size = 0x200
                0x0000000000000400                _Min_Stack_Size = 0x400

.isr_vector     0x0000000008000000      0x130
                0x0000000008000000                . = ALIGN (0x4)
 *(.isr_vector)
 .isr_vector    0x0000000008000000      0x130 ./src/bsp/startup/startup_stm32f103c8tx.o
                0x0000000008000000                g_pfnVectors
                0x0000000008000130                . = ALIGN (0x4)

.text           0x0000000008000130     0x1218
                0x0000000008000130                . = ALIGN (0x4)
 *(.text)
 .text          0x0000000008000130       0x40 c:/st/stm32cubeide_1.10.1/stm32cubeide/plugins/com.st.stm32cube.ide.mcu.externaltools.gnu-tools-for-stm32.10.3-2021.10.win32_1.0.0.202111181127/tools/bin/../lib/gcc/arm-none-eabi/10.3.1/thumb/v7-m/nofp/crtbegin.o
 *(.text*)
 .text.apInit   0x0000000008000170        0xc ./src/ap/ap.o
                0x0000000008000170                apInit
 .text.apMain   0x000000000800017c       0x14 ./src/ap/ap.o
                0x000000000800017c                apMain
 .text.bspInit  0x0000000008000190       0x4c ./src/bsp/bsp.o
                0x0000000008000190                bspInit
 .text.delay    0x00000000080001dc       0x16 ./src/bsp/bsp.o
                0x00000000080001dc                delay
 .text.SystemClock_Config
                0x00000000080001f2       0x8a ./src/bsp/bsp.o
                0x00000000080001f2                SystemClock_Config
 .text.Error_Handler
                0x000000000800027c        0xa ./src/bsp/bsp.o
                0x000000000800027c                Error_Handler
 *fill*         0x0000000008000286        0x2 
 .text.HAL_MspInit
                0x0000000008000288       0x64 ./src/bsp/stm32f1xx_hal_msp.o
                0x0000000008000288                HAL_MspInit
 .text.NMI_Handler
                0x00000000080002ec        0x6 ./src/bsp/stm32f1xx_it.o
                0x00000000080002ec                NMI_Handler
 .text.HardFault_Handler
                0x00000000080002f2        0x6 ./src/bsp/stm32f1xx_it.o
                0x00000000080002f2                HardFault_Handler
 .text.MemManage_Handler
                0x00000000080002f8        0x6 ./src/bsp/stm32f1xx_it.o
                0x00000000080002f8                MemManage_Handler
 .text.BusFault_Handler
                0x00000000080002fe        0x6 ./src/bsp/stm32f1xx_it.o
                0x00000000080002fe                BusFault_Handler
 .text.UsageFault_Handler
                0x0000000008000304        0x6 ./src/bsp/stm32f1xx_it.o
                0x0000000008000304                UsageFault_Handler
 .text.SVC_Handler
                0x000000000800030a        0xc ./src/bsp/stm32f1xx_it.o
                0x000000000800030a                SVC_Handler
 .text.DebugMon_Handler
                0x0000000008000316        0xc ./src/bsp/stm32f1xx_it.o
                0x0000000008000316                DebugMon_Handler
 .text.PendSV_Handler
                0x0000000008000322        0xc ./src/bsp/stm32f1xx_it.o
                0x0000000008000322                PendSV_Handler
 .text.SysTick_Handler
                0x000000000800032e        0xc ./src/bsp/stm32f1xx_it.o
                0x000000000800032e                SysTick_Handler
 .text.SystemInit
                0x000000000800033a        0xc ./src/bsp/system_stm32f1xx.o
                0x000000000800033a                SystemInit
 *fill*         0x0000000008000346        0x2 
 .text.Reset_Handler
                0x0000000008000348       0x50 ./src/bsp/startup/startup_stm32f103c8tx.o
                0x0000000008000348                Reset_Handler
 .text.Default_Handler
                0x0000000008000398        0x2 ./src/bsp/startup/startup_stm32f103c8tx.o
                0x0000000008000398                EXTI2_IRQHandler
                0x0000000008000398                TIM8_TRG_COM_IRQHandler
                0x0000000008000398                TIM8_CC_IRQHandler
                0x0000000008000398                TIM1_CC_IRQHandler
                0x0000000008000398                TIM6_IRQHandler
                0x0000000008000398                PVD_IRQHandler
                0x0000000008000398                SDIO_IRQHandler
                0x0000000008000398                EXTI3_IRQHandler
                0x0000000008000398                USB_HP_CAN_TX_IRQHandler
                0x0000000008000398                EXTI0_IRQHandler
                0x0000000008000398                I2C2_EV_IRQHandler
                0x0000000008000398                ADC1_2_IRQHandler
                0x0000000008000398                SPI1_IRQHandler
                0x0000000008000398                CAN_SCE_IRQHandler
                0x0000000008000398                TAMPER_IRQHandler
                0x0000000008000398                TIM8_UP_IRQHandler
                0x0000000008000398                DMA2_Channel2_IRQHandler
                0x0000000008000398                DMA1_Channel4_IRQHandler
                0x0000000008000398                USART3_IRQHandler
                0x0000000008000398                RTC_IRQHandler
                0x0000000008000398                DMA1_Channel7_IRQHandler
                0x0000000008000398                UART5_IRQHandler
                0x0000000008000398                ADC3_IRQHandler
                0x0000000008000398                TIM4_IRQHandler
                0x0000000008000398                CAN_RX1_IRQHandler
                0x0000000008000398                DMA2_Channel1_IRQHandler
                0x0000000008000398                I2C1_EV_IRQHandler
                0x0000000008000398                DMA1_Channel6_IRQHandler
                0x0000000008000398                UART4_IRQHandler
                0x0000000008000398                TIM3_IRQHandler
                0x0000000008000398                RCC_IRQHandler
                0x0000000008000398                TIM1_TRG_COM_IRQHandler
                0x0000000008000398                DMA1_Channel1_IRQHandler
                0x0000000008000398                Default_Handler
                0x0000000008000398                EXTI15_10_IRQHandler
                0x0000000008000398                TIM7_IRQHandler
                0x0000000008000398                TIM5_IRQHandler
                0x0000000008000398                EXTI9_5_IRQHandler
                0x0000000008000398                SPI2_IRQHandler
                0x0000000008000398                USB_LP_CAN_RX0_IRQHandler
                0x0000000008000398                DMA1_Channel5_IRQHandler
                0x0000000008000398                EXTI4_IRQHandler
                0x0000000008000398                DMA1_Channel3_IRQHandler
                0x0000000008000398                FSMC_IRQHandler
                0x0000000008000398                TIM1_UP_IRQHandler
                0x0000000008000398                WWDG_IRQHandler
                0x0000000008000398                TIM2_IRQHandler
                0x0000000008000398                TIM1_BRK_IRQHandler
                0x0000000008000398                EXTI1_IRQHandler
                0x0000000008000398                RTCAlarm_IRQHandler
                0x0000000008000398                DMA2_Channel4_5_IRQHandler
                0x0000000008000398                USART2_IRQHandler
                0x0000000008000398                I2C2_ER_IRQHandler
                0x0000000008000398                DMA1_Channel2_IRQHandler
                0x0000000008000398                TIM8_BRK_IRQHandler
                0x0000000008000398                FLASH_IRQHandler
                0x0000000008000398                USART1_IRQHandler
                0x0000000008000398                SPI3_IRQHandler
                0x0000000008000398                I2C1_ER_IRQHandler
                0x0000000008000398                DMA2_Channel3_IRQHandler
 *fill*         0x000000000800039a        0x2 
 .text.ledInit  0x000000000800039c       0x8c ./src/hw/driver/led.o
                0x000000000800039c                ledInit
 .text.ledOff   0x0000000008000428       0x40 ./src/hw/driver/led.o
                0x0000000008000428                ledOff
 .text.ledToggle
                0x0000000008000468       0x38 ./src/hw/driver/led.o
                0x0000000008000468                ledToggle
 .text.hwInit   0x00000000080004a0       0x10 ./src/hw/hw.o
                0x00000000080004a0                hwInit
 .text.HAL_Init
                0x00000000080004b0       0x2c ./src/lib/cube_f103/Drivers/STM32F1xx_HAL_Driver/Src/stm32f1xx_hal.o
                0x00000000080004b0                HAL_Init
 .text.HAL_InitTick
                0x00000000080004dc       0x60 ./src/lib/cube_f103/Drivers/STM32F1xx_HAL_Driver/Src/stm32f1xx_hal.o
                0x00000000080004dc                HAL_InitTick
 .text.HAL_IncTick
                0x000000000800053c       0x24 ./src/lib/cube_f103/Drivers/STM32F1xx_HAL_Driver/Src/stm32f1xx_hal.o
                0x000000000800053c                HAL_IncTick
 .text.HAL_GetTick
                0x0000000008000560       0x14 ./src/lib/cube_f103/Drivers/STM32F1xx_HAL_Driver/Src/stm32f1xx_hal.o
                0x0000000008000560                HAL_GetTick
 .text.HAL_Delay
                0x0000000008000574       0x48 ./src/lib/cube_f103/Drivers/STM32F1xx_HAL_Driver/Src/stm32f1xx_hal.o
                0x0000000008000574                HAL_Delay
 .text.__NVIC_SetPriorityGrouping
                0x00000000080005bc       0x48 ./src/lib/cube_f103/Drivers/STM32F1xx_HAL_Driver/Src/stm32f1xx_hal_cortex.o
 .text.__NVIC_GetPriorityGrouping
                0x0000000008000604       0x1c ./src/lib/cube_f103/Drivers/STM32F1xx_HAL_Driver/Src/stm32f1xx_hal_cortex.o
 .text.__NVIC_SetPriority
                0x0000000008000620       0x54 ./src/lib/cube_f103/Drivers/STM32F1xx_HAL_Driver/Src/stm32f1xx_hal_cortex.o
 .text.NVIC_EncodePriority
                0x0000000008000674       0x64 ./src/lib/cube_f103/Drivers/STM32F1xx_HAL_Driver/Src/stm32f1xx_hal_cortex.o
 .text.SysTick_Config
                0x00000000080006d8       0x44 ./src/lib/cube_f103/Drivers/STM32F1xx_HAL_Driver/Src/stm32f1xx_hal_cortex.o
 .text.HAL_NVIC_SetPriorityGrouping
                0x000000000800071c       0x16 ./src/lib/cube_f103/Drivers/STM32F1xx_HAL_Driver/Src/stm32f1xx_hal_cortex.o
                0x000000000800071c                HAL_NVIC_SetPriorityGrouping
 .text.HAL_NVIC_SetPriority
                0x0000000008000732       0x38 ./src/lib/cube_f103/Drivers/STM32F1xx_HAL_Driver/Src/stm32f1xx_hal_cortex.o
                0x0000000008000732                HAL_NVIC_SetPriority
 .text.HAL_SYSTICK_Config
                0x000000000800076a       0x18 ./src/lib/cube_f103/Drivers/STM32F1xx_HAL_Driver/Src/stm32f1xx_hal_cortex.o
                0x000000000800076a                HAL_SYSTICK_Config
 *fill*         0x0000000008000782        0x2 
 .text.HAL_GPIO_Init
                0x0000000008000784      0x308 ./src/lib/cube_f103/Drivers/STM32F1xx_HAL_Driver/Src/stm32f1xx_hal_gpio.o
                0x0000000008000784                HAL_GPIO_Init
 .text.HAL_GPIO_WritePin
                0x0000000008000a8c       0x30 ./src/lib/cube_f103/Drivers/STM32F1xx_HAL_Driver/Src/stm32f1xx_hal_gpio.o
                0x0000000008000a8c                HAL_GPIO_WritePin
 .text.HAL_GPIO_TogglePin
                0x0000000008000abc       0x32 ./src/lib/cube_f103/Drivers/STM32F1xx_HAL_Driver/Src/stm32f1xx_hal_gpio.o
                0x0000000008000abc                HAL_GPIO_TogglePin
 *fill*         0x0000000008000aee        0x2 
 .text.HAL_RCC_OscConfig
                0x0000000008000af0      0x504 ./src/lib/cube_f103/Drivers/STM32F1xx_HAL_Driver/Src/stm32f1xx_hal_rcc.o
                0x0000000008000af0                HAL_RCC_OscConfig
 .text.HAL_RCC_ClockConfig
                0x0000000008000ff4      0x1d4 ./src/lib/cube_f103/Drivers/STM32F1xx_HAL_Driver/Src/stm32f1xx_hal_rcc.o
                0x0000000008000ff4                HAL_RCC_ClockConfig
 .text.HAL_RCC_GetSysClockFreq
                0x00000000080011c8       0xbc ./src/lib/cube_f103/Drivers/STM32F1xx_HAL_Driver/Src/stm32f1xx_hal_rcc.o
                0x00000000080011c8                HAL_RCC_GetSysClockFreq
 .text.RCC_Delay
                0x0000000008001284       0x3c ./src/lib/cube_f103/Drivers/STM32F1xx_HAL_Driver/Src/stm32f1xx_hal_rcc.o
 .text.main     0x00000000080012c0       0x16 ./src/main.o
                0x00000000080012c0                main
 *fill*         0x00000000080012d6        0x2 
 .text.__libc_init_array
                0x00000000080012d8       0x48 c:/st/stm32cubeide_1.10.1/stm32cubeide/plugins/com.st.stm32cube.ide.mcu.externaltools.gnu-tools-for-stm32.10.3-2021.10.win32_1.0.0.202111181127/tools/bin/../lib/gcc/arm-none-eabi/10.3.1/../../../../arm-none-eabi/lib/thumb/v7-m/nofp\libc_nano.a(lib_a-init.o)
                0x00000000080012d8                __libc_init_array
 .text.memset   0x0000000008001320       0x10 c:/st/stm32cubeide_1.10.1/stm32cubeide/plugins/com.st.stm32cube.ide.mcu.externaltools.gnu-tools-for-stm32.10.3-2021.10.win32_1.0.0.202111181127/tools/bin/../lib/gcc/arm-none-eabi/10.3.1/../../../../arm-none-eabi/lib/thumb/v7-m/nofp\libc_nano.a(lib_a-memset.o)
                0x0000000008001320                memset
 *(.glue_7)
 .glue_7        0x0000000008001330        0x0 linker stubs
 *(.glue_7t)
 .glue_7t       0x0000000008001330        0x0 linker stubs
 *(.eh_frame)
 .eh_frame      0x0000000008001330        0x0 c:/st/stm32cubeide_1.10.1/stm32cubeide/plugins/com.st.stm32cube.ide.mcu.externaltools.gnu-tools-for-stm32.10.3-2021.10.win32_1.0.0.202111181127/tools/bin/../lib/gcc/arm-none-eabi/10.3.1/thumb/v7-m/nofp/crtbegin.o
 *(.init)
 .init          0x0000000008001330        0x4 c:/st/stm32cubeide_1.10.1/stm32cubeide/plugins/com.st.stm32cube.ide.mcu.externaltools.gnu-tools-for-stm32.10.3-2021.10.win32_1.0.0.202111181127/tools/bin/../lib/gcc/arm-none-eabi/10.3.1/thumb/v7-m/nofp/crti.o
                0x0000000008001330                _init
 .init          0x0000000008001334        0x8 c:/st/stm32cubeide_1.10.1/stm32cubeide/plugins/com.st.stm32cube.ide.mcu.externaltools.gnu-tools-for-stm32.10.3-2021.10.win32_1.0.0.202111181127/tools/bin/../lib/gcc/arm-none-eabi/10.3.1/thumb/v7-m/nofp/crtn.o
 *(.fini)
 .fini          0x000000000800133c        0x4 c:/st/stm32cubeide_1.10.1/stm32cubeide/plugins/com.st.stm32cube.ide.mcu.externaltools.gnu-tools-for-stm32.10.3-2021.10.win32_1.0.0.202111181127/tools/bin/../lib/gcc/arm-none-eabi/10.3.1/thumb/v7-m/nofp/crti.o
                0x000000000800133c                _fini
 .fini          0x0000000008001340        0x8 c:/st/stm32cubeide_1.10.1/stm32cubeide/plugins/com.st.stm32cube.ide.mcu.externaltools.gnu-tools-for-stm32.10.3-2021.10.win32_1.0.0.202111181127/tools/bin/../lib/gcc/arm-none-eabi/10.3.1/thumb/v7-m/nofp/crtn.o
                0x0000000008001348                . = ALIGN (0x4)
                0x0000000008001348                _etext = .

.vfp11_veneer   0x0000000008001348        0x0
 .vfp11_veneer  0x0000000008001348        0x0 linker stubs

.v4_bx          0x0000000008001348        0x0
 .v4_bx         0x0000000008001348        0x0 linker stubs

.iplt           0x0000000008001348        0x0
 .iplt          0x0000000008001348        0x0 c:/st/stm32cubeide_1.10.1/stm32cubeide/plugins/com.st.stm32cube.ide.mcu.externaltools.gnu-tools-for-stm32.10.3-2021.10.win32_1.0.0.202111181127/tools/bin/../lib/gcc/arm-none-eabi/10.3.1/thumb/v7-m/nofp/crtbegin.o

.rodata         0x0000000008001348       0x20
                0x0000000008001348                . = ALIGN (0x4)
 *(.rodata)
 .rodata        0x0000000008001348       0x10 ./src/lib/cube_f103/Drivers/STM32F1xx_HAL_Driver/Src/stm32f1xx_hal_rcc.o
 *(.rodata*)
 .rodata.AHBPrescTable
                0x0000000008001358       0x10 ./src/bsp/system_stm32f1xx.o
                0x0000000008001358                AHBPrescTable
                0x0000000008001368                . = ALIGN (0x4)

.rel.dyn        0x0000000008001368        0x0
 .rel.iplt      0x0000000008001368        0x0 c:/st/stm32cubeide_1.10.1/stm32cubeide/plugins/com.st.stm32cube.ide.mcu.externaltools.gnu-tools-for-stm32.10.3-2021.10.win32_1.0.0.202111181127/tools/bin/../lib/gcc/arm-none-eabi/10.3.1/thumb/v7-m/nofp/crtbegin.o

.ARM.extab      0x0000000008001368        0x0
                0x0000000008001368                . = ALIGN (0x4)
 *(.ARM.extab* .gnu.linkonce.armextab.*)
                0x0000000008001368                . = ALIGN (0x4)

.ARM            0x0000000008001368        0x0
                0x0000000008001368                . = ALIGN (0x4)
                0x0000000008001368                __exidx_start = .
 *(.ARM.exidx*)
                0x0000000008001368                __exidx_end = .
                0x0000000008001368                . = ALIGN (0x4)

.preinit_array  0x0000000008001368        0x0
                0x0000000008001368                . = ALIGN (0x4)
                0x0000000008001368                PROVIDE (__preinit_array_start = .)
 *(.preinit_array*)
                0x0000000008001368                PROVIDE (__preinit_array_end = .)
                0x0000000008001368                . = ALIGN (0x4)

.init_array     0x0000000008001368        0x4
                0x0000000008001368                . = ALIGN (0x4)
                0x0000000008001368                PROVIDE (__init_array_start = .)
 *(SORT_BY_NAME(.init_array.*))
 *(.init_array*)
 .init_array    0x0000000008001368        0x4 c:/st/stm32cubeide_1.10.1/stm32cubeide/plugins/com.st.stm32cube.ide.mcu.externaltools.gnu-tools-for-stm32.10.3-2021.10.win32_1.0.0.202111181127/tools/bin/../lib/gcc/arm-none-eabi/10.3.1/thumb/v7-m/nofp/crtbegin.o
                0x000000000800136c                PROVIDE (__init_array_end = .)
                0x000000000800136c                . = ALIGN (0x4)

.fini_array     0x000000000800136c        0x4
                0x000000000800136c                . = ALIGN (0x4)
                [!provide]                        PROVIDE (__fini_array_start = .)
 *(SORT_BY_NAME(.fini_array.*))
 *(.fini_array*)
 .fini_array    0x000000000800136c        0x4 c:/st/stm32cubeide_1.10.1/stm32cubeide/plugins/com.st.stm32cube.ide.mcu.externaltools.gnu-tools-for-stm32.10.3-2021.10.win32_1.0.0.202111181127/tools/bin/../lib/gcc/arm-none-eabi/10.3.1/thumb/v7-m/nofp/crtbegin.o
                [!provide]                        PROVIDE (__fini_array_end = .)
                0x0000000008001370                . = ALIGN (0x4)
                0x0000000008001370                _sidata = LOADADDR (.data)

.data           0x0000000020000000       0x14 load address 0x0000000008001370
                0x0000000020000000                . = ALIGN (0x4)
                0x0000000020000000                _sdata = .
 *(.data)
 *(.data*)
 .data.SystemCoreClock
                0x0000000020000000        0x4 ./src/bsp/system_stm32f1xx.o
                0x0000000020000000                SystemCoreClock
 .data.led_tbl  0x0000000020000004        0x8 ./src/hw/driver/led.o
                0x0000000020000004                led_tbl
 .data.uwTickPrio
                0x000000002000000c        0x4 ./src/lib/cube_f103/Drivers/STM32F1xx_HAL_Driver/Src/stm32f1xx_hal.o
                0x000000002000000c                uwTickPrio
 .data.uwTickFreq
                0x0000000020000010        0x1 ./src/lib/cube_f103/Drivers/STM32F1xx_HAL_Driver/Src/stm32f1xx_hal.o
                0x0000000020000010                uwTickFreq
 *(.RamFunc)
 *(.RamFunc*)
                0x0000000020000014                . = ALIGN (0x4)
 *fill*         0x0000000020000011        0x3 
                0x0000000020000014                _edata = .

.igot.plt       0x0000000020000014        0x0 load address 0x0000000008001384
 .igot.plt      0x0000000020000014        0x0 c:/st/stm32cubeide_1.10.1/stm32cubeide/plugins/com.st.stm32cube.ide.mcu.externaltools.gnu-tools-for-stm32.10.3-2021.10.win32_1.0.0.202111181127/tools/bin/../lib/gcc/arm-none-eabi/10.3.1/thumb/v7-m/nofp/crtbegin.o
                0x0000000020000014                . = ALIGN (0x4)

.bss            0x0000000020000014       0x20 load address 0x0000000008001384
                0x0000000020000014                _sbss = .
                0x0000000020000014                __bss_start__ = _sbss
 *(.bss)
 .bss           0x0000000020000014       0x1c c:/st/stm32cubeide_1.10.1/stm32cubeide/plugins/com.st.stm32cube.ide.mcu.externaltools.gnu-tools-for-stm32.10.3-2021.10.win32_1.0.0.202111181127/tools/bin/../lib/gcc/arm-none-eabi/10.3.1/thumb/v7-m/nofp/crtbegin.o
 *(.bss*)
 .bss.uwTick    0x0000000020000030        0x4 ./src/lib/cube_f103/Drivers/STM32F1xx_HAL_Driver/Src/stm32f1xx_hal.o
                0x0000000020000030                uwTick
 *(COMMON)
                0x0000000020000034                . = ALIGN (0x4)
                0x0000000020000034                _ebss = .
                0x0000000020000034                __bss_end__ = _ebss

._user_heap_stack
                0x0000000020000034      0x604 load address 0x0000000008001384
                0x0000000020000038                . = ALIGN (0x8)
 *fill*         0x0000000020000034        0x4 
                [!provide]                        PROVIDE (end = .)
                0x0000000020000038                PROVIDE (_end = .)
                0x0000000020000238                . = (. + _Min_Heap_Size)
 *fill*         0x0000000020000038      0x200 
                0x0000000020000638                . = (. + _Min_Stack_Size)
 *fill*         0x0000000020000238      0x400 
                0x0000000020000638                . = ALIGN (0x8)

/DISCARD/
 libc.a(*)
 libm.a(*)
 libgcc.a(*)

.ARM.attributes
                0x0000000000000000       0x29
 *(.ARM.attributes)
 .ARM.attributes
                0x0000000000000000       0x1d c:/st/stm32cubeide_1.10.1/stm32cubeide/plugins/com.st.stm32cube.ide.mcu.externaltools.gnu-tools-for-stm32.10.3-2021.10.win32_1.0.0.202111181127/tools/bin/../lib/gcc/arm-none-eabi/10.3.1/thumb/v7-m/nofp/crti.o
 .ARM.attributes
                0x000000000000001d       0x2d c:/st/stm32cubeide_1.10.1/stm32cubeide/plugins/com.st.stm32cube.ide.mcu.externaltools.gnu-tools-for-stm32.10.3-2021.10.win32_1.0.0.202111181127/tools/bin/../lib/gcc/arm-none-eabi/10.3.1/thumb/v7-m/nofp/crtbegin.o
 .ARM.attributes
                0x000000000000004a       0x2d ./src/ap/ap.o
 .ARM.attributes
                0x0000000000000077       0x2d ./src/bsp/bsp.o
 .ARM.attributes
                0x00000000000000a4       0x2d ./src/bsp/stm32f1xx_hal_msp.o
 .ARM.attributes
                0x00000000000000d1       0x2d ./src/bsp/stm32f1xx_it.o
 .ARM.attributes
                0x00000000000000fe       0x2d ./src/bsp/system_stm32f1xx.o
 .ARM.attributes
                0x000000000000012b       0x21 ./src/bsp/startup/startup_stm32f103c8tx.o
 .ARM.attributes
                0x000000000000014c       0x2d ./src/hw/driver/led.o
 .ARM.attributes
                0x0000000000000179       0x2d ./src/hw/hw.o
 .ARM.attributes
                0x00000000000001a6       0x2d ./src/lib/cube_f103/Drivers/STM32F1xx_HAL_Driver/Src/stm32f1xx_hal.o
 .ARM.attributes
                0x00000000000001d3       0x2d ./src/lib/cube_f103/Drivers/STM32F1xx_HAL_Driver/Src/stm32f1xx_hal_cortex.o
 .ARM.attributes
                0x0000000000000200       0x2d ./src/lib/cube_f103/Drivers/STM32F1xx_HAL_Driver/Src/stm32f1xx_hal_gpio.o
 .ARM.attributes
                0x000000000000022d       0x2d ./src/lib/cube_f103/Drivers/STM32F1xx_HAL_Driver/Src/stm32f1xx_hal_rcc.o
 .ARM.attributes
                0x000000000000025a       0x2d ./src/main.o
 .ARM.attributes
                0x0000000000000287       0x2d c:/st/stm32cubeide_1.10.1/stm32cubeide/plugins/com.st.stm32cube.ide.mcu.externaltools.gnu-tools-for-stm32.10.3-2021.10.win32_1.0.0.202111181127/tools/bin/../lib/gcc/arm-none-eabi/10.3.1/../../../../arm-none-eabi/lib/thumb/v7-m/nofp\libc_nano.a(lib_a-init.o)
 .ARM.attributes
                0x00000000000002b4       0x2d c:/st/stm32cubeide_1.10.1/stm32cubeide/plugins/com.st.stm32cube.ide.mcu.externaltools.gnu-tools-for-stm32.10.3-2021.10.win32_1.0.0.202111181127/tools/bin/../lib/gcc/arm-none-eabi/10.3.1/../../../../arm-none-eabi/lib/thumb/v7-m/nofp\libc_nano.a(lib_a-memset.o)
 .ARM.attributes
                0x00000000000002e1       0x1d c:/st/stm32cubeide_1.10.1/stm32cubeide/plugins/com.st.stm32cube.ide.mcu.externaltools.gnu-tools-for-stm32.10.3-2021.10.win32_1.0.0.202111181127/tools/bin/../lib/gcc/arm-none-eabi/10.3.1/thumb/v7-m/nofp/crtn.o
OUTPUT(stm32f103_fw.elf elf32-littlearm)
LOAD linker stubs
LOAD c:/st/stm32cubeide_1.10.1/stm32cubeide/plugins/com.st.stm32cube.ide.mcu.externaltools.gnu-tools-for-stm32.10.3-2021.10.win32_1.0.0.202111181127/tools/bin/../lib/gcc/arm-none-eabi/10.3.1/../../../../arm-none-eabi/lib/thumb/v7-m/nofp\libc.a
LOAD c:/st/stm32cubeide_1.10.1/stm32cubeide/plugins/com.st.stm32cube.ide.mcu.externaltools.gnu-tools-for-stm32.10.3-2021.10.win32_1.0.0.202111181127/tools/bin/../lib/gcc/arm-none-eabi/10.3.1/../../../../arm-none-eabi/lib/thumb/v7-m/nofp\libm.a
LOAD c:/st/stm32cubeide_1.10.1/stm32cubeide/plugins/com.st.stm32cube.ide.mcu.externaltools.gnu-tools-for-stm32.10.3-2021.10.win32_1.0.0.202111181127/tools/bin/../lib/gcc/arm-none-eabi/10.3.1/thumb/v7-m/nofp\libgcc.a

.debug_info     0x0000000000000000     0x308b
 .debug_info    0x0000000000000000       0xf6 ./src/ap/ap.o
 .debug_info    0x00000000000000f6      0x3df ./src/bsp/bsp.o
 .debug_info    0x00000000000004d5      0x217 ./src/bsp/stm32f1xx_hal_msp.o
 .debug_info    0x00000000000006ec      0x129 ./src/bsp/stm32f1xx_it.o
 .debug_info    0x0000000000000815      0x236 ./src/bsp/system_stm32f1xx.o
 .debug_info    0x0000000000000a4b       0x22 ./src/bsp/startup/startup_stm32f103c8tx.o
 .debug_info    0x0000000000000a6d      0x3fe ./src/hw/driver/led.o
 .debug_info    0x0000000000000e6b       0xab ./src/hw/hw.o
 .debug_info    0x0000000000000f16      0x734 ./src/lib/cube_f103/Drivers/STM32F1xx_HAL_Driver/Src/stm32f1xx_hal.o
 .debug_info    0x000000000000164a      0xb20 ./src/lib/cube_f103/Drivers/STM32F1xx_HAL_Driver/Src/stm32f1xx_hal_cortex.o
 .debug_info    0x000000000000216a      0x615 ./src/lib/cube_f103/Drivers/STM32F1xx_HAL_Driver/Src/stm32f1xx_hal_gpio.o
 .debug_info    0x000000000000277f      0x860 ./src/lib/cube_f103/Drivers/STM32F1xx_HAL_Driver/Src/stm32f1xx_hal_rcc.o
 .debug_info    0x0000000000002fdf       0xac ./src/main.o

.debug_abbrev   0x0000000000000000     0x108e
 .debug_abbrev  0x0000000000000000       0x8c ./src/ap/ap.o
 .debug_abbrev  0x000000000000008c      0x1bc ./src/bsp/bsp.o
 .debug_abbrev  0x0000000000000248       0xd4 ./src/bsp/stm32f1xx_hal_msp.o
 .debug_abbrev  0x000000000000031c       0x74 ./src/bsp/stm32f1xx_it.o
 .debug_abbrev  0x0000000000000390      0x13b ./src/bsp/system_stm32f1xx.o
 .debug_abbrev  0x00000000000004cb       0x12 ./src/bsp/startup/startup_stm32f103c8tx.o
 .debug_abbrev  0x00000000000004dd      0x19b ./src/hw/driver/led.o
 .debug_abbrev  0x0000000000000678       0x6f ./src/hw/hw.o
 .debug_abbrev  0x00000000000006e7      0x1fb ./src/lib/cube_f103/Drivers/STM32F1xx_HAL_Driver/Src/stm32f1xx_hal.o
 .debug_abbrev  0x00000000000008e2      0x2ed ./src/lib/cube_f103/Drivers/STM32F1xx_HAL_Driver/Src/stm32f1xx_hal_cortex.o
 .debug_abbrev  0x0000000000000bcf      0x1bb ./src/lib/cube_f103/Drivers/STM32F1xx_HAL_Driver/Src/stm32f1xx_hal_gpio.o
 .debug_abbrev  0x0000000000000d8a      0x2a8 ./src/lib/cube_f103/Drivers/STM32F1xx_HAL_Driver/Src/stm32f1xx_hal_rcc.o
 .debug_abbrev  0x0000000000001032       0x5c ./src/main.o

.debug_aranges  0x0000000000000000      0x478
 .debug_aranges
                0x0000000000000000       0x28 ./src/ap/ap.o
 .debug_aranges
                0x0000000000000028       0x40 ./src/bsp/bsp.o
 .debug_aranges
                0x0000000000000068       0x20 ./src/bsp/stm32f1xx_hal_msp.o
 .debug_aranges
                0x0000000000000088       0x60 ./src/bsp/stm32f1xx_it.o
 .debug_aranges
                0x00000000000000e8       0x28 ./src/bsp/system_stm32f1xx.o
 .debug_aranges
                0x0000000000000110       0x28 ./src/bsp/startup/startup_stm32f103c8tx.o
 .debug_aranges
                0x0000000000000138       0x38 ./src/hw/driver/led.o
 .debug_aranges
                0x0000000000000170       0x20 ./src/hw/hw.o
 .debug_aranges
                0x0000000000000190       0xe0 ./src/lib/cube_f103/Drivers/STM32F1xx_HAL_Driver/Src/stm32f1xx_hal.o
 .debug_aranges
                0x0000000000000270      0x100 ./src/lib/cube_f103/Drivers/STM32F1xx_HAL_Driver/Src/stm32f1xx_hal_cortex.o
 .debug_aranges
                0x0000000000000370       0x58 ./src/lib/cube_f103/Drivers/STM32F1xx_HAL_Driver/Src/stm32f1xx_hal_gpio.o
 .debug_aranges
                0x00000000000003c8       0x90 ./src/lib/cube_f103/Drivers/STM32F1xx_HAL_Driver/Src/stm32f1xx_hal_rcc.o
 .debug_aranges
                0x0000000000000458       0x20 ./src/main.o

.debug_ranges   0x0000000000000000      0x3b0
 .debug_ranges  0x0000000000000000       0x18 ./src/ap/ap.o
 .debug_ranges  0x0000000000000018       0x30 ./src/bsp/bsp.o
 .debug_ranges  0x0000000000000048       0x10 ./src/bsp/stm32f1xx_hal_msp.o
 .debug_ranges  0x0000000000000058       0x50 ./src/bsp/stm32f1xx_it.o
 .debug_ranges  0x00000000000000a8       0x18 ./src/bsp/system_stm32f1xx.o
 .debug_ranges  0x00000000000000c0       0x20 ./src/bsp/startup/startup_stm32f103c8tx.o
 .debug_ranges  0x00000000000000e0       0x28 ./src/hw/driver/led.o
 .debug_ranges  0x0000000000000108       0x10 ./src/hw/hw.o
 .debug_ranges  0x0000000000000118       0xd0 ./src/lib/cube_f103/Drivers/STM32F1xx_HAL_Driver/Src/stm32f1xx_hal.o
 .debug_ranges  0x00000000000001e8       0xf0 ./src/lib/cube_f103/Drivers/STM32F1xx_HAL_Driver/Src/stm32f1xx_hal_cortex.o
 .debug_ranges  0x00000000000002d8       0x48 ./src/lib/cube_f103/Drivers/STM32F1xx_HAL_Driver/Src/stm32f1xx_hal_gpio.o
 .debug_ranges  0x0000000000000320       0x80 ./src/lib/cube_f103/Drivers/STM32F1xx_HAL_Driver/Src/stm32f1xx_hal_rcc.o
 .debug_ranges  0x00000000000003a0       0x10 ./src/main.o

.debug_macro    0x0000000000000000    0x1755e
 .debug_macro   0x0000000000000000      0x331 ./src/ap/ap.o
 .debug_macro   0x0000000000000331      0xa60 ./src/ap/ap.o
 .debug_macro   0x0000000000000d91       0x22 ./src/ap/ap.o
 .debug_macro   0x0000000000000db3       0x4c ./src/ap/ap.o
 .debug_macro   0x0000000000000dff       0x18 ./src/ap/ap.o
 .debug_macro   0x0000000000000e17       0x94 ./src/ap/ap.o
 .debug_macro   0x0000000000000eab       0x3c ./src/ap/ap.o
 .debug_macro   0x0000000000000ee7       0x34 ./src/ap/ap.o
 .debug_macro   0x0000000000000f1b       0x16 ./src/ap/ap.o
 .debug_macro   0x0000000000000f31       0x57 ./src/ap/ap.o
 .debug_macro   0x0000000000000f88       0x97 ./src/ap/ap.o
 .debug_macro   0x000000000000101f      0x341 ./src/ap/ap.o
 .debug_macro   0x0000000000001360       0xfd ./src/ap/ap.o
 .debug_macro   0x000000000000145d       0x10 ./src/ap/ap.o
 .debug_macro   0x000000000000146d       0x16 ./src/ap/ap.o
 .debug_macro   0x0000000000001483       0x43 ./src/ap/ap.o
 .debug_macro   0x00000000000014c6       0x34 ./src/ap/ap.o
 .debug_macro   0x00000000000014fa       0x10 ./src/ap/ap.o
 .debug_macro   0x000000000000150a       0x58 ./src/ap/ap.o
 .debug_macro   0x0000000000001562       0x71 ./src/ap/ap.o
 .debug_macro   0x00000000000015d3       0x1c ./src/ap/ap.o
 .debug_macro   0x00000000000015ef      0x12a ./src/ap/ap.o
 .debug_macro   0x0000000000001719       0x10 ./src/ap/ap.o
 .debug_macro   0x0000000000001729       0x6a ./src/ap/ap.o
 .debug_macro   0x0000000000001793       0x1c ./src/ap/ap.o
 .debug_macro   0x00000000000017af       0x52 ./src/ap/ap.o
 .debug_macro   0x0000000000001801       0x22 ./src/ap/ap.o
 .debug_macro   0x0000000000001823       0x10 ./src/ap/ap.o
 .debug_macro   0x0000000000001833       0x52 ./src/ap/ap.o
 .debug_macro   0x0000000000001885       0xd5 ./src/ap/ap.o
 .debug_macro   0x000000000000195a       0x1c ./src/ap/ap.o
 .debug_macro   0x0000000000001976       0x3d ./src/ap/ap.o
 .debug_macro   0x00000000000019b3       0x16 ./src/ap/ap.o
 .debug_macro   0x00000000000019c9      0x145 ./src/ap/ap.o
 .debug_macro   0x0000000000001b0e      0x103 ./src/ap/ap.o
 .debug_macro   0x0000000000001c11      0x1df ./src/ap/ap.o
 .debug_macro   0x0000000000001df0       0x22 ./src/ap/ap.o
 .debug_macro   0x0000000000001e12       0x1c ./src/ap/ap.o
 .debug_macro   0x0000000000001e2e      0x20f ./src/ap/ap.o
 .debug_macro   0x000000000000203d       0x2e ./src/ap/ap.o
 .debug_macro   0x000000000000206b       0x22 ./src/ap/ap.o
 .debug_macro   0x000000000000208d       0x1c ./src/ap/ap.o
 .debug_macro   0x00000000000020a9       0x22 ./src/ap/ap.o
 .debug_macro   0x00000000000020cb       0xbd ./src/ap/ap.o
 .debug_macro   0x0000000000002188      0xd23 ./src/ap/ap.o
 .debug_macro   0x0000000000002eab     0xe09e ./src/ap/ap.o
 .debug_macro   0x0000000000010f49       0x6d ./src/ap/ap.o
 .debug_macro   0x0000000000010fb6     0x3468 ./src/ap/ap.o
 .debug_macro   0x000000000001441e       0x56 ./src/ap/ap.o
 .debug_macro   0x0000000000014474      0x5be ./src/ap/ap.o
 .debug_macro   0x0000000000014a32      0x289 ./src/ap/ap.o
 .debug_macro   0x0000000000014cbb      0x1cb ./src/ap/ap.o
 .debug_macro   0x0000000000014e86      0x114 ./src/ap/ap.o
 .debug_macro   0x0000000000014f9a      0x1b2 ./src/ap/ap.o
 .debug_macro   0x000000000001514c       0x27 ./src/ap/ap.o
 .debug_macro   0x0000000000015173      0x136 ./src/ap/ap.o
 .debug_macro   0x00000000000152a9      0x1bc ./src/ap/ap.o
 .debug_macro   0x0000000000015465       0x34 ./src/ap/ap.o
 .debug_macro   0x0000000000015499       0x3c ./src/ap/ap.o
 .debug_macro   0x00000000000154d5       0x57 ./src/ap/ap.o
 .debug_macro   0x000000000001552c       0x88 ./src/ap/ap.o
 .debug_macro   0x00000000000155b4      0x241 ./src/ap/ap.o
 .debug_macro   0x00000000000157f5      0x141 ./src/ap/ap.o
 .debug_macro   0x0000000000015936       0x83 ./src/ap/ap.o
 .debug_macro   0x00000000000159b9       0x10 ./src/ap/ap.o
 .debug_macro   0x00000000000159c9      0x2fa ./src/bsp/bsp.o
 .debug_macro   0x0000000000015cc3      0x33b ./src/bsp/stm32f1xx_hal_msp.o
 .debug_macro   0x0000000000015ffe      0x345 ./src/bsp/stm32f1xx_it.o
 .debug_macro   0x0000000000016343       0xc8 ./src/bsp/system_stm32f1xx.o
 .debug_macro   0x000000000001640b       0x8e ./src/bsp/system_stm32f1xx.o
 .debug_macro   0x0000000000016499       0x51 ./src/bsp/system_stm32f1xx.o
 .debug_macro   0x00000000000164ea      0x319 ./src/hw/driver/led.o
 .debug_macro   0x0000000000016803      0x327 ./src/hw/hw.o
 .debug_macro   0x0000000000016b2a      0x1a3 ./src/lib/cube_f103/Drivers/STM32F1xx_HAL_Driver/Src/stm32f1xx_hal.o
 .debug_macro   0x0000000000016ccd       0x5c ./src/lib/cube_f103/Drivers/STM32F1xx_HAL_Driver/Src/stm32f1xx_hal.o
 .debug_macro   0x0000000000016d29      0x17f ./src/lib/cube_f103/Drivers/STM32F1xx_HAL_Driver/Src/stm32f1xx_hal_cortex.o
 .debug_macro   0x0000000000016ea8      0x1ea ./src/lib/cube_f103/Drivers/STM32F1xx_HAL_Driver/Src/stm32f1xx_hal_gpio.o
 .debug_macro   0x0000000000017092      0x191 ./src/lib/cube_f103/Drivers/STM32F1xx_HAL_Driver/Src/stm32f1xx_hal_rcc.o
 .debug_macro   0x0000000000017223      0x33b ./src/main.o

.debug_line     0x0000000000000000     0x80aa
 .debug_line    0x0000000000000000      0xa73 ./src/ap/ap.o
 .debug_line    0x0000000000000a73      0xa49 ./src/bsp/bsp.o
 .debug_line    0x00000000000014bc      0xaf0 ./src/bsp/stm32f1xx_hal_msp.o
 .debug_line    0x0000000000001fac      0xbb1 ./src/bsp/stm32f1xx_it.o
 .debug_line    0x0000000000002b5d      0x564 ./src/bsp/system_stm32f1xx.o
 .debug_line    0x00000000000030c1       0x8c ./src/bsp/startup/startup_stm32f103c8tx.o
 .debug_line    0x000000000000314d      0xae5 ./src/hw/driver/led.o
 .debug_line    0x0000000000003c32      0xa5b ./src/hw/hw.o
 .debug_line    0x000000000000468d      0xa3b ./src/lib/cube_f103/Drivers/STM32F1xx_HAL_Driver/Src/stm32f1xx_hal.o
 .debug_line    0x00000000000050c8      0xc23 ./src/lib/cube_f103/Drivers/STM32F1xx_HAL_Driver/Src/stm32f1xx_hal_cortex.o
 .debug_line    0x0000000000005ceb      0xad2 ./src/lib/cube_f103/Drivers/STM32F1xx_HAL_Driver/Src/stm32f1xx_hal_gpio.o
 .debug_line    0x00000000000067bd      0xe49 ./src/lib/cube_f103/Drivers/STM32F1xx_HAL_Driver/Src/stm32f1xx_hal_rcc.o
 .debug_line    0x0000000000007606      0xaa4 ./src/main.o

.debug_str      0x0000000000000000    0x7f868
 .debug_str     0x0000000000000000    0x7e52e ./src/ap/ap.o
                                      0x7e872 (size before relaxing)
 .debug_str     0x000000000007e52e      0x222 ./src/bsp/bsp.o
                                      0x7e9d9 (size before relaxing)
 .debug_str     0x000000000007e750       0x66 ./src/bsp/stm32f1xx_hal_msp.o
                                      0x7e8df (size before relaxing)
 .debug_str     0x000000000007e7b6       0xc8 ./src/bsp/stm32f1xx_it.o
                                      0x7e8f4 (size before relaxing)
 .debug_str     0x000000000007e87e       0x7d ./src/bsp/system_stm32f1xx.o
                                      0x545b1 (size before relaxing)
 .debug_str     0x000000000007e8fb       0x39 ./src/bsp/startup/startup_stm32f103c8tx.o
                                         0x78 (size before relaxing)
 .debug_str     0x000000000007e934      0x101 ./src/hw/driver/led.o
                                      0x7e98e (size before relaxing)
 .debug_str     0x000000000007ea35       0x16 ./src/hw/hw.o
                                      0x7e83d (size before relaxing)
 .debug_str     0x000000000007ea4b      0x60d ./src/lib/cube_f103/Drivers/STM32F1xx_HAL_Driver/Src/stm32f1xx_hal.o
                                      0x7b1ed (size before relaxing)
 .debug_str     0x000000000007f058      0x2cd ./src/lib/cube_f103/Drivers/STM32F1xx_HAL_Driver/Src/stm32f1xx_hal_cortex.o
                                      0x7b139 (size before relaxing)
 .debug_str     0x000000000007f325      0x2f5 ./src/lib/cube_f103/Drivers/STM32F1xx_HAL_Driver/Src/stm32f1xx_hal_gpio.o
                                      0x7ae40 (size before relaxing)
 .debug_str     0x000000000007f61a      0x23b ./src/lib/cube_f103/Drivers/STM32F1xx_HAL_Driver/Src/stm32f1xx_hal_rcc.o
                                      0x7aee9 (size before relaxing)
 .debug_str     0x000000000007f855       0x13 ./src/main.o
                                      0x7e854 (size before relaxing)

.comment        0x0000000000000000       0x50
 .comment       0x0000000000000000       0x50 ./src/ap/ap.o
                                         0x51 (size before relaxing)
 .comment       0x0000000000000050       0x51 ./src/bsp/bsp.o
 .comment       0x0000000000000050       0x51 ./src/bsp/stm32f1xx_hal_msp.o
 .comment       0x0000000000000050       0x51 ./src/bsp/stm32f1xx_it.o
 .comment       0x0000000000000050       0x51 ./src/bsp/system_stm32f1xx.o
 .comment       0x0000000000000050       0x51 ./src/hw/driver/led.o
 .comment       0x0000000000000050       0x51 ./src/hw/hw.o
 .comment       0x0000000000000050       0x51 ./src/lib/cube_f103/Drivers/STM32F1xx_HAL_Driver/Src/stm32f1xx_hal.o
 .comment       0x0000000000000050       0x51 ./src/lib/cube_f103/Drivers/STM32F1xx_HAL_Driver/Src/stm32f1xx_hal_cortex.o
 .comment       0x0000000000000050       0x51 ./src/lib/cube_f103/Drivers/STM32F1xx_HAL_Driver/Src/stm32f1xx_hal_gpio.o
 .comment       0x0000000000000050       0x51 ./src/lib/cube_f103/Drivers/STM32F1xx_HAL_Driver/Src/stm32f1xx_hal_rcc.o
 .comment       0x0000000000000050       0x51 ./src/main.o

.debug_frame    0x0000000000000000      0xe98
 .debug_frame   0x0000000000000000       0x4c ./src/ap/ap.o
 .debug_frame   0x000000000000004c       0xb0 ./src/bsp/bsp.o
 .debug_frame   0x00000000000000fc       0x38 ./src/bsp/stm32f1xx_hal_msp.o
 .debug_frame   0x0000000000000134      0x104 ./src/bsp/stm32f1xx_it.o
 .debug_frame   0x0000000000000238       0x58 ./src/bsp/system_stm32f1xx.o
 .debug_frame   0x0000000000000290       0xa0 ./src/hw/driver/led.o
 .debug_frame   0x0000000000000330       0x2c ./src/hw/hw.o
 .debug_frame   0x000000000000035c      0x334 ./src/lib/cube_f103/Drivers/STM32F1xx_HAL_Driver/Src/stm32f1xx_hal.o
 .debug_frame   0x0000000000000690      0x428 ./src/lib/cube_f103/Drivers/STM32F1xx_HAL_Driver/Src/stm32f1xx_hal_cortex.o
 .debug_frame   0x0000000000000ab8      0x14c ./src/lib/cube_f103/Drivers/STM32F1xx_HAL_Driver/Src/stm32f1xx_hal_gpio.o
 .debug_frame   0x0000000000000c04      0x21c ./src/lib/cube_f103/Drivers/STM32F1xx_HAL_Driver/Src/stm32f1xx_hal_rcc.o
 .debug_frame   0x0000000000000e20       0x2c ./src/main.o
 .debug_frame   0x0000000000000e4c       0x2c c:/st/stm32cubeide_1.10.1/stm32cubeide/plugins/com.st.stm32cube.ide.mcu.externaltools.gnu-tools-for-stm32.10.3-2021.10.win32_1.0.0.202111181127/tools/bin/../lib/gcc/arm-none-eabi/10.3.1/../../../../arm-none-eabi/lib/thumb/v7-m/nofp\libc_nano.a(lib_a-init.o)
 .debug_frame   0x0000000000000e78       0x20 c:/st/stm32cubeide_1.10.1/stm32cubeide/plugins/com.st.stm32cube.ide.mcu.externaltools.gnu-tools-for-stm32.10.3-2021.10.win32_1.0.0.202111181127/tools/bin/../lib/gcc/arm-none-eabi/10.3.1/../../../../arm-none-eabi/lib/thumb/v7-m/nofp\libc_nano.a(lib_a-memset.o)
