Archive member included to satisfy reference by file (symbol)

c:/st/stm32cubeide_1.10.1/stm32cubeide/plugins/com.st.stm32cube.ide.mcu.externaltools.gnu-tools-for-stm32.10.3-2021.10.win32_1.0.0.202111181127/tools/bin/../lib/gcc/arm-none-eabi/10.3.1/../../../../arm-none-eabi/lib/thumb/v7-m/nofp\libc_nano.a(lib_a-errno.o)
                              ./src/bsp/syscalls.o (__errno)
c:/st/stm32cubeide_1.10.1/stm32cubeide/plugins/com.st.stm32cube.ide.mcu.externaltools.gnu-tools-for-stm32.10.3-2021.10.win32_1.0.0.202111181127/tools/bin/../lib/gcc/arm-none-eabi/10.3.1/../../../../arm-none-eabi/lib/thumb/v7-m/nofp\libc_nano.a(lib_a-exit.o)
                              c:/st/stm32cubeide_1.10.1/stm32cubeide/plugins/com.st.stm32cube.ide.mcu.externaltools.gnu-tools-for-stm32.10.3-2021.10.win32_1.0.0.202111181127/tools/bin/../lib/gcc/arm-none-eabi/10.3.1/../../../../arm-none-eabi/lib/thumb/v7-m/nofp/crt0.o (exit)
c:/st/stm32cubeide_1.10.1/stm32cubeide/plugins/com.st.stm32cube.ide.mcu.externaltools.gnu-tools-for-stm32.10.3-2021.10.win32_1.0.0.202111181127/tools/bin/../lib/gcc/arm-none-eabi/10.3.1/../../../../arm-none-eabi/lib/thumb/v7-m/nofp\libc_nano.a(lib_a-impure.o)
                              c:/st/stm32cubeide_1.10.1/stm32cubeide/plugins/com.st.stm32cube.ide.mcu.externaltools.gnu-tools-for-stm32.10.3-2021.10.win32_1.0.0.202111181127/tools/bin/../lib/gcc/arm-none-eabi/10.3.1/../../../../arm-none-eabi/lib/thumb/v7-m/nofp\libc_nano.a(lib_a-exit.o) (_global_impure_ptr)
c:/st/stm32cubeide_1.10.1/stm32cubeide/plugins/com.st.stm32cube.ide.mcu.externaltools.gnu-tools-for-stm32.10.3-2021.10.win32_1.0.0.202111181127/tools/bin/../lib/gcc/arm-none-eabi/10.3.1/../../../../arm-none-eabi/lib/thumb/v7-m/nofp\libc_nano.a(lib_a-init.o)
                              c:/st/stm32cubeide_1.10.1/stm32cubeide/plugins/com.st.stm32cube.ide.mcu.externaltools.gnu-tools-for-stm32.10.3-2021.10.win32_1.0.0.202111181127/tools/bin/../lib/gcc/arm-none-eabi/10.3.1/../../../../arm-none-eabi/lib/thumb/v7-m/nofp/crt0.o (__libc_init_array)
c:/st/stm32cubeide_1.10.1/stm32cubeide/plugins/com.st.stm32cube.ide.mcu.externaltools.gnu-tools-for-stm32.10.3-2021.10.win32_1.0.0.202111181127/tools/bin/../lib/gcc/arm-none-eabi/10.3.1/../../../../arm-none-eabi/lib/thumb/v7-m/nofp\libc_nano.a(lib_a-memset.o)
                              c:/st/stm32cubeide_1.10.1/stm32cubeide/plugins/com.st.stm32cube.ide.mcu.externaltools.gnu-tools-for-stm32.10.3-2021.10.win32_1.0.0.202111181127/tools/bin/../lib/gcc/arm-none-eabi/10.3.1/../../../../arm-none-eabi/lib/thumb/v7-m/nofp/crt0.o (memset)

Discarded input sections

 .text          0x0000000000000000        0x0 c:/st/stm32cubeide_1.10.1/stm32cubeide/plugins/com.st.stm32cube.ide.mcu.externaltools.gnu-tools-for-stm32.10.3-2021.10.win32_1.0.0.202111181127/tools/bin/../lib/gcc/arm-none-eabi/10.3.1/thumb/v7-m/nofp/crti.o
 .data          0x0000000000000000        0x0 c:/st/stm32cubeide_1.10.1/stm32cubeide/plugins/com.st.stm32cube.ide.mcu.externaltools.gnu-tools-for-stm32.10.3-2021.10.win32_1.0.0.202111181127/tools/bin/../lib/gcc/arm-none-eabi/10.3.1/thumb/v7-m/nofp/crti.o
 .bss           0x0000000000000000        0x0 c:/st/stm32cubeide_1.10.1/stm32cubeide/plugins/com.st.stm32cube.ide.mcu.externaltools.gnu-tools-for-stm32.10.3-2021.10.win32_1.0.0.202111181127/tools/bin/../lib/gcc/arm-none-eabi/10.3.1/thumb/v7-m/nofp/crti.o
 .data          0x0000000000000000        0x4 c:/st/stm32cubeide_1.10.1/stm32cubeide/plugins/com.st.stm32cube.ide.mcu.externaltools.gnu-tools-for-stm32.10.3-2021.10.win32_1.0.0.202111181127/tools/bin/../lib/gcc/arm-none-eabi/10.3.1/thumb/v7-m/nofp/crtbegin.o
 .rodata        0x0000000000000000       0x24 c:/st/stm32cubeide_1.10.1/stm32cubeide/plugins/com.st.stm32cube.ide.mcu.externaltools.gnu-tools-for-stm32.10.3-2021.10.win32_1.0.0.202111181127/tools/bin/../lib/gcc/arm-none-eabi/10.3.1/thumb/v7-m/nofp/crtbegin.o
 .text          0x0000000000000000       0x7c c:/st/stm32cubeide_1.10.1/stm32cubeide/plugins/com.st.stm32cube.ide.mcu.externaltools.gnu-tools-for-stm32.10.3-2021.10.win32_1.0.0.202111181127/tools/bin/../lib/gcc/arm-none-eabi/10.3.1/../../../../arm-none-eabi/lib/thumb/v7-m/nofp/crt0.o
 .data          0x0000000000000000        0x0 c:/st/stm32cubeide_1.10.1/stm32cubeide/plugins/com.st.stm32cube.ide.mcu.externaltools.gnu-tools-for-stm32.10.3-2021.10.win32_1.0.0.202111181127/tools/bin/../lib/gcc/arm-none-eabi/10.3.1/../../../../arm-none-eabi/lib/thumb/v7-m/nofp/crt0.o
 .bss           0x0000000000000000        0x0 c:/st/stm32cubeide_1.10.1/stm32cubeide/plugins/com.st.stm32cube.ide.mcu.externaltools.gnu-tools-for-stm32.10.3-2021.10.win32_1.0.0.202111181127/tools/bin/../lib/gcc/arm-none-eabi/10.3.1/../../../../arm-none-eabi/lib/thumb/v7-m/nofp/crt0.o
[...]
Memory Configuration

Name             Origin             Length             Attributes
RAM              0x0000000020000000 0x0000000000005000 xrw
FLASH            0x0000000008000000 0x0000000000010000 xr
*default*        0x0000000000000000 0xffffffffffffffff

Linker script and memory map

LOAD c:/st/stm32cubeide_1.10.1/stm32cubeide/plugins/com.st.stm32cube.ide.mcu.externaltools.gnu-tools-for-stm32.10.3-2021.10.win32_1.0.0.202111181127/tools/bin/../lib/gcc/arm-none-eabi/10.3.1/thumb/v7-m/nofp/crti.o
LOAD c:/st/stm32cubeide_1.10.1/stm32cubeide/plugins/com.st.stm32cube.ide.mcu.externaltools.gnu-tools-for-stm32.10.3-2021.10.win32_1.0.0.202111181127/tools/bin/../lib/gcc/arm-none-eabi/10.3.1/thumb/v7-m/nofp/crtbegin.o
LOAD c:/st/stm32cubeide_1.10.1/stm32cubeide/plugins/com.st.stm32cube.ide.mcu.externaltools.gnu-tools-for-stm32.10.3-2021.10.win32_1.0.0.202111181127/tools/bin/../lib/gcc/arm-none-eabi/10.3.1/../../../../arm-none-eabi/lib/thumb/v7-m/nofp/crt0.o
LOAD ./src/ap/ap.o
LOAD ./src/bsp/bsp.o
LOAD ./src/bsp/stm32f1xx_hal_msp.o
LOAD ./src/bsp/stm32f1xx_it.o
LOAD ./src/bsp/syscalls.o
LOAD ./src/bsp/sysmem.o
LOAD ./src/bsp/system_stm32f1xx.o
LOAD ./src/bsp/startup/startup_stm32f103c8tx.o
LOAD ./src/hw/driver/led.o
LOAD ./src/hw/hw.o
LOAD ./src/lib/cube_f103/Drivers/STM32F1xx_HAL_Driver/Src/stm32f1xx_hal.o
LOAD ./src/lib/cube_f103/Drivers/STM32F1xx_HAL_Driver/Src/stm32f1xx_hal_cortex.o
LOAD ./src/lib/cube_f103/Drivers/STM32F1xx_HAL_Driver/Src/stm32f1xx_hal_dma.o
LOAD ./src/lib/cube_f103/Drivers/STM32F1xx_HAL_Driver/Src/stm32f1xx_hal_exti.o
LOAD ./src/lib/cube_f103/Drivers/STM32F1xx_HAL_Driver/Src/stm32f1xx_hal_flash.o
LOAD ./src/lib/cube_f103/Drivers/STM32F1xx_HAL_Driver/Src/stm32f1xx_hal_flash_ex.o
LOAD ./src/lib/cube_f103/Drivers/STM32F1xx_HAL_Driver/Src/stm32f1xx_hal_gpio.o
LOAD ./src/lib/cube_f103/Drivers/STM32F1xx_HAL_Driver/Src/stm32f1xx_hal_gpio_ex.o
LOAD ./src/lib/cube_f103/Drivers/STM32F1xx_HAL_Driver/Src/stm32f1xx_hal_pcd.o
LOAD ./src/lib/cube_f103/Drivers/STM32F1xx_HAL_Driver/Src/stm32f1xx_hal_pcd_ex.o
LOAD ./src/lib/cube_f103/Drivers/STM32F1xx_HAL_Driver/Src/stm32f1xx_hal_pwr.o
LOAD ./src/lib/cube_f103/Drivers/STM32F1xx_HAL_Driver/Src/stm32f1xx_hal_rcc.o
LOAD ./src/lib/cube_f103/Drivers/STM32F1xx_HAL_Driver/Src/stm32f1xx_hal_rcc_ex.o
LOAD ./src/lib/cube_f103/Drivers/STM32F1xx_HAL_Driver/Src/stm32f1xx_hal_tim.o
LOAD ./src/lib/cube_f103/Drivers/STM32F1xx_HAL_Driver/Src/stm32f1xx_hal_tim_ex.o
LOAD ./src/lib/cube_f103/Drivers/STM32F1xx_HAL_Driver/Src/stm32f1xx_ll_usb.o
LOAD ./src/lib/cube_f103/Middlewares/ST/STM32_USB_Device_Library/Class/CDC/Src/usbd_cdc.o
LOAD ./src/lib/cube_f103/Middlewares/ST/STM32_USB_Device_Library/Core/Src/usbd_core.o
LOAD ./src/lib/cube_f103/Middlewares/ST/STM32_USB_Device_Library/Core/Src/usbd_ctlreq.o
LOAD ./src/lib/cube_f103/Middlewares/ST/STM32_USB_Device_Library/Core/Src/usbd_ioreq.o
LOAD ./src/lib/cube_f103/USB_DEVICE/App/usb_device.o
LOAD ./src/lib/cube_f103/USB_DEVICE/App/usbd_cdc_if.o
LOAD ./src/lib/cube_f103/USB_DEVICE/App/usbd_desc.o
LOAD ./src/lib/cube_f103/USB_DEVICE/Target/usbd_conf.o
LOAD ./src/main.o
START GROUP
LOAD c:/st/stm32cubeide_1.10.1/stm32cubeide/plugins/com.st.stm32cube.ide.mcu.externaltools.gnu-tools-for-stm32.10.3-2021.10.win32_1.0.0.202111181127/tools/bin/../lib/gcc/arm-none-eabi/10.3.1/../../../../arm-none-eabi/lib/thumb/v7-m/nofp\libc_nano.a
LOAD c:/st/stm32cubeide_1.10.1/stm32cubeide/plugins/com.st.stm32cube.ide.mcu.externaltools.gnu-tools-for-stm32.10.3-2021.10.win32_1.0.0.202111181127/tools/bin/../lib/gcc/arm-none-eabi/10.3.1/../../../../arm-none-eabi/lib/thumb/v7-m/nofp\libm.a
END GROUP
START GROUP
LOAD c:/st/stm32cubeide_1.10.1/stm32cubeide/plugins/com.st.stm32cube.ide.mcu.externaltools.gnu-tools-for-stm32.10.3-2021.10.win32_1.0.0.202111181127/tools/bin/../lib/gcc/arm-none-eabi/10.3.1/thumb/v7-m/nofp\libgcc.a
LOAD c:/st/stm32cubeide_1.10.1/stm32cubeide/plugins/com.st.stm32cube.ide.mcu.externaltools.gnu-tools-for-stm32.10.3-2021.10.win32_1.0.0.202111181127/tools/bin/../lib/gcc/arm-none-eabi/10.3.1/../../../../arm-none-eabi/lib/thumb/v7-m/nofp\libc_nano.a
END GROUP
START GROUP
LOAD c:/st/stm32cubeide_1.10.1/stm32cubeide/plugins/com.st.stm32cube.ide.mcu.externaltools.gnu-tools-for-stm32.10.3-2021.10.win32_1.0.0.202111181127/tools/bin/../lib/gcc/arm-none-eabi/10.3.1/thumb/v7-m/nofp\libgcc.a
LOAD c:/st/stm32cubeide_1.10.1/stm32cubeide/plugins/com.st.stm32cube.ide.mcu.externaltools.gnu-tools-for-stm32.10.3-2021.10.win32_1.0.0.202111181127/tools/bin/../lib/gcc/arm-none-eabi/10.3.1/../../../../arm-none-eabi/lib/thumb/v7-m/nofp\libc_nano.a
LOAD c:/st/stm32cubeide_1.10.1/stm32cubeide/plugins/com.st.stm32cube.ide.mcu.externaltools.gnu-tools-for-stm32.10.3-2021.10.win32_1.0.0.202111181127/tools/bin/../lib/gcc/arm-none-eabi/10.3.1/../../../../arm-none-eabi/lib/thumb/v7-m/nofp\libnosys.a
END GROUP
START GROUP
LOAD c:/st/stm32cubeide_1.10.1/stm32cubeide/plugins/com.st.stm32cube.ide.mcu.externaltools.gnu-tools-for-stm32.10.3-2021.10.win32_1.0.0.202111181127/tools/bin/../lib/gcc/arm-none-eabi/10.3.1/thumb/v7-m/nofp\libgcc.a
LOAD c:/st/stm32cubeide_1.10.1/stm32cubeide/plugins/com.st.stm32cube.ide.mcu.externaltools.gnu-tools-for-stm32.10.3-2021.10.win32_1.0.0.202111181127/tools/bin/../lib/gcc/arm-none-eabi/10.3.1/../../../../arm-none-eabi/lib/thumb/v7-m/nofp\libc_nano.a
LOAD c:/st/stm32cubeide_1.10.1/stm32cubeide/plugins/com.st.stm32cube.ide.mcu.externaltools.gnu-tools-for-stm32.10.3-2021.10.win32_1.0.0.202111181127/tools/bin/../lib/gcc/arm-none-eabi/10.3.1/../../../../arm-none-eabi/lib/thumb/v7-m/nofp\libnosys.a
END GROUP
LOAD c:/st/stm32cubeide_1.10.1/stm32cubeide/plugins/com.st.stm32cube.ide.mcu.externaltools.gnu-tools-for-stm32.10.3-2021.10.win32_1.0.0.202111181127/tools/bin/../lib/gcc/arm-none-eabi/10.3.1/thumb/v7-m/nofp/crtend.o
LOAD c:/st/stm32cubeide_1.10.1/stm32cubeide/plugins/com.st.stm32cube.ide.mcu.externaltools.gnu-tools-for-stm32.10.3-2021.10.win32_1.0.0.202111181127/tools/bin/../lib/gcc/arm-none-eabi/10.3.1/thumb/v7-m/nofp/crtn.o
                0x0000000020005000                _estack = (ORIGIN (RAM) + LENGTH (RAM))
                0x0000000000000200                _Min_Heap_Size = 0x200
                0x0000000000000400                _Min_Stack_Size = 0x400

.isr_vector     0x0000000008000000      0x10c
                0x0000000008000000                . = ALIGN (0x4)
 *(.isr_vector)
 .isr_vector    0x0000000008000000      0x10c ./src/bsp/startup/startup_stm32f103c8tx.o
                0x0000000008000000                g_pfnVectors
                0x000000000800010c                . = ALIGN (0x4)

.text           0x000000000800010c     0x79c4
                0x000000000800010c                . = ALIGN (0x4)
 *(.text)
 .text          0x000000000800010c       0x40 c:/st/stm32cubeide_1.10.1/stm32cubeide/plugins/com.st.stm32cube.ide.mcu.externaltools.gnu-tools-for-stm32.10.3-2021.10.win32_1.0.0.202111181127/tools/bin/../lib/gcc/arm-none-eabi/10.3.1/thumb/v7-m/nofp/crtbegin.o
 *(.text*)
 .text.apInit   0x000000000800014c        0xc ./src/ap/ap.o
                0x000000000800014c                apInit
 .text.apMain   0x0000000008000158       0x20 ./src/ap/ap.o
                0x0000000008000158                apMain
 .text.bspInit  0x0000000008000178       0xc4 ./src/bsp/bsp.o
                0x0000000008000178                bspInit
 .text.delay    0x000000000800023c       0x16 ./src/bsp/bsp.o
                0x000000000800023c                delay
 .text.SystemClock_Config
                0x0000000008000252       0xb4 ./src/bsp/bsp.o
                0x0000000008000252                SystemClock_Config
 .text.Error_Handler
                0x0000000008000306        0xa ./src/bsp/bsp.o
                0x0000000008000306                Error_Handler
 .text.HAL_MspInit
                0x0000000008000310       0x64 ./src/bsp/stm32f1xx_hal_msp.o
                0x0000000008000310                HAL_MspInit
 .text.NMI_Handler
                0x0000000008000374        0x6 ./src/bsp/stm32f1xx_it.o
                0x0000000008000374                NMI_Handler
 .text.HardFault_Handler
                0x000000000800037a        0x6 ./src/bsp/stm32f1xx_it.o
                0x000000000800037a                HardFault_Handler
 .text.MemManage_Handler
                0x0000000008000380        0x6 ./src/bsp/stm32f1xx_it.o
                0x0000000008000380                MemManage_Handler
 .text.BusFault_Handler
                0x0000000008000386        0x6 ./src/bsp/stm32f1xx_it.o
                0x0000000008000386                BusFault_Handler
 .text.UsageFault_Handler
                0x000000000800038c        0x6 ./src/bsp/stm32f1xx_it.o
                0x000000000800038c                UsageFault_Handler
 .text.SVC_Handler
                0x0000000008000392        0xc ./src/bsp/stm32f1xx_it.o
                0x0000000008000392                SVC_Handler
 .text.DebugMon_Handler
                0x000000000800039e        0xc ./src/bsp/stm32f1xx_it.o
                0x000000000800039e                DebugMon_Handler
 .text.PendSV_Handler
                0x00000000080003aa        0xc ./src/bsp/stm32f1xx_it.o
                0x00000000080003aa                PendSV_Handler
 .text.SysTick_Handler
                0x00000000080003b6        0xc ./src/bsp/stm32f1xx_it.o
                0x00000000080003b6                SysTick_Handler
 *fill*         0x00000000080003c2        0x2 
 .text.USB_LP_CAN1_RX0_IRQHandler
                0x00000000080003c4       0x14 ./src/bsp/stm32f1xx_it.o
                0x00000000080003c4                USB_LP_CAN1_RX0_IRQHandler
 .text.SystemInit
                0x00000000080003d8        0xc ./src/bsp/system_stm32f1xx.o
                0x00000000080003d8                SystemInit
 .text.Reset_Handler
                0x00000000080003e4       0x48 ./src/bsp/startup/startup_stm32f103c8tx.o
                0x00000000080003e4                Reset_Handler
 .text.Default_Handler
                0x000000000800042c        0x2 ./src/bsp/startup/startup_stm32f103c8tx.o
                0x000000000800042c                RTC_Alarm_IRQHandler
                0x000000000800042c                EXTI2_IRQHandler
                0x000000000800042c                TIM1_CC_IRQHandler
                0x000000000800042c                PVD_IRQHandler
                0x000000000800042c                EXTI3_IRQHandler
                0x000000000800042c                EXTI0_IRQHandler
                0x000000000800042c                I2C2_EV_IRQHandler
                0x000000000800042c                ADC1_2_IRQHandler
                0x000000000800042c                SPI1_IRQHandler
                0x000000000800042c                TAMPER_IRQHandler
                0x000000000800042c                DMA1_Channel4_IRQHandler
                0x000000000800042c                USART3_IRQHandler
                0x000000000800042c                RTC_IRQHandler
                0x000000000800042c                DMA1_Channel7_IRQHandler
                0x000000000800042c                CAN1_RX1_IRQHandler
                0x000000000800042c                TIM4_IRQHandler
                0x000000000800042c                I2C1_EV_IRQHandler
                0x000000000800042c                DMA1_Channel6_IRQHandler
                0x000000000800042c                TIM3_IRQHandler
                0x000000000800042c                RCC_IRQHandler
                0x000000000800042c                TIM1_TRG_COM_IRQHandler
                0x000000000800042c                DMA1_Channel1_IRQHandler
                0x000000000800042c                Default_Handler
                0x000000000800042c                EXTI15_10_IRQHandler
                0x000000000800042c                EXTI9_5_IRQHandler
                0x000000000800042c                SPI2_IRQHandler
                0x000000000800042c                DMA1_Channel5_IRQHandler
                0x000000000800042c                EXTI4_IRQHandler
                0x000000000800042c                USB_HP_CAN1_TX_IRQHandler
                0x000000000800042c                DMA1_Channel3_IRQHandler
                0x000000000800042c                TIM1_UP_IRQHandler
                0x000000000800042c                WWDG_IRQHandler
                0x000000000800042c                TIM2_IRQHandler
                0x000000000800042c                TIM1_BRK_IRQHandler
                0x000000000800042c                EXTI1_IRQHandler
                0x000000000800042c                USART2_IRQHandler
                0x000000000800042c                I2C2_ER_IRQHandler
                0x000000000800042c                DMA1_Channel2_IRQHandler
                0x000000000800042c                CAN1_SCE_IRQHandler
                0x000000000800042c                FLASH_IRQHandler
                0x000000000800042c                USART1_IRQHandler
                0x000000000800042c                I2C1_ER_IRQHandler
                0x000000000800042c                USBWakeUp_IRQHandler
 *fill*         0x000000000800042e        0x2 
 .text.ledInit  0x0000000008000430       0x8c ./src/hw/driver/led.o
                0x0000000008000430                ledInit
 .text.ledOff   0x00000000080004bc       0x40 ./src/hw/driver/led.o
                0x00000000080004bc                ledOff
 .text.ledToggle
                0x00000000080004fc       0x38 ./src/hw/driver/led.o
                0x00000000080004fc                ledToggle
 .text.hwInit   0x0000000008000534       0x10 ./src/hw/hw.o
                0x0000000008000534                hwInit
 .text.HAL_Init
                0x0000000008000544       0x2c ./src/lib/cube_f103/Drivers/STM32F1xx_HAL_Driver/Src/stm32f1xx_hal.o
                0x0000000008000544                HAL_Init
 .text.HAL_InitTick
                0x0000000008000570       0x60 ./src/lib/cube_f103/Drivers/STM32F1xx_HAL_Driver/Src/stm32f1xx_hal.o
                0x0000000008000570                HAL_InitTick
 .text.HAL_IncTick
                0x00000000080005d0       0x24 ./src/lib/cube_f103/Drivers/STM32F1xx_HAL_Driver/Src/stm32f1xx_hal.o
                0x00000000080005d0                HAL_IncTick
 .text.HAL_GetTick
                0x00000000080005f4       0x14 ./src/lib/cube_f103/Drivers/STM32F1xx_HAL_Driver/Src/stm32f1xx_hal.o
                0x00000000080005f4                HAL_GetTick
 .text.HAL_Delay
                0x0000000008000608       0x48 ./src/lib/cube_f103/Drivers/STM32F1xx_HAL_Driver/Src/stm32f1xx_hal.o
                0x0000000008000608                HAL_Delay
 .text.__NVIC_SetPriorityGrouping
                0x0000000008000650       0x48 ./src/lib/cube_f103/Drivers/STM32F1xx_HAL_Driver/Src/stm32f1xx_hal_cortex.o
 .text.__NVIC_GetPriorityGrouping
                0x0000000008000698       0x1c ./src/lib/cube_f103/Drivers/STM32F1xx_HAL_Driver/Src/stm32f1xx_hal_cortex.o
 .text.__NVIC_EnableIRQ
                0x00000000080006b4       0x38 ./src/lib/cube_f103/Drivers/STM32F1xx_HAL_Driver/Src/stm32f1xx_hal_cortex.o
 .text.__NVIC_SetPriority
                0x00000000080006ec       0x54 ./src/lib/cube_f103/Drivers/STM32F1xx_HAL_Driver/Src/stm32f1xx_hal_cortex.o
 .text.NVIC_EncodePriority
                0x0000000008000740       0x64 ./src/lib/cube_f103/Drivers/STM32F1xx_HAL_Driver/Src/stm32f1xx_hal_cortex.o
 .text.SysTick_Config
                0x00000000080007a4       0x44 ./src/lib/cube_f103/Drivers/STM32F1xx_HAL_Driver/Src/stm32f1xx_hal_cortex.o
 .text.HAL_NVIC_SetPriorityGrouping
                0x00000000080007e8       0x16 ./src/lib/cube_f103/Drivers/STM32F1xx_HAL_Driver/Src/stm32f1xx_hal_cortex.o
                0x00000000080007e8                HAL_NVIC_SetPriorityGrouping
 .text.HAL_NVIC_SetPriority
                0x00000000080007fe       0x38 ./src/lib/cube_f103/Drivers/STM32F1xx_HAL_Driver/Src/stm32f1xx_hal_cortex.o
                0x00000000080007fe                HAL_NVIC_SetPriority
 .text.HAL_NVIC_EnableIRQ
                0x0000000008000836       0x1c ./src/lib/cube_f103/Drivers/STM32F1xx_HAL_Driver/Src/stm32f1xx_hal_cortex.o
                0x0000000008000836                HAL_NVIC_EnableIRQ
 .text.HAL_SYSTICK_Config
                0x0000000008000852       0x18 ./src/lib/cube_f103/Drivers/STM32F1xx_HAL_Driver/Src/stm32f1xx_hal_cortex.o
                0x0000000008000852                HAL_SYSTICK_Config
 *fill*         0x000000000800086a        0x2 
 .text.HAL_GPIO_Init
                0x000000000800086c      0x308 ./src/lib/cube_f103/Drivers/STM32F1xx_HAL_Driver/Src/stm32f1xx_hal_gpio.o
                0x000000000800086c                HAL_GPIO_Init
 .text.HAL_GPIO_WritePin
                0x0000000008000b74       0x30 ./src/lib/cube_f103/Drivers/STM32F1xx_HAL_Driver/Src/stm32f1xx_hal_gpio.o
                0x0000000008000b74                HAL_GPIO_WritePin
 .text.HAL_GPIO_TogglePin
                0x0000000008000ba4       0x32 ./src/lib/cube_f103/Drivers/STM32F1xx_HAL_Driver/Src/stm32f1xx_hal_gpio.o
                0x0000000008000ba4                HAL_GPIO_TogglePin
 .text.HAL_PCD_Init
                0x0000000008000bd6      0x216 ./src/lib/cube_f103/Drivers/STM32F1xx_HAL_Driver/Src/stm32f1xx_hal_pcd.o
                0x0000000008000bd6                HAL_PCD_Init
 .text.HAL_PCD_Start
                0x0000000008000dec       0x4c ./src/lib/cube_f103/Drivers/STM32F1xx_HAL_Driver/Src/stm32f1xx_hal_pcd.o
                0x0000000008000dec                HAL_PCD_Start
 .text.HAL_PCD_IRQHandler
                0x0000000008000e38      0x2a6 ./src/lib/cube_f103/Drivers/STM32F1xx_HAL_Driver/Src/stm32f1xx_hal_pcd.o
                0x0000000008000e38                HAL_PCD_IRQHandler
 .text.HAL_PCD_SetAddress
                0x00000000080010de       0x4a ./src/lib/cube_f103/Drivers/STM32F1xx_HAL_Driver/Src/stm32f1xx_hal_pcd.o
                0x00000000080010de                HAL_PCD_SetAddress
 .text.HAL_PCD_EP_Open
                0x0000000008001128       0xcc ./src/lib/cube_f103/Drivers/STM32F1xx_HAL_Driver/Src/stm32f1xx_hal_pcd.o
                0x0000000008001128                HAL_PCD_EP_Open
 .text.HAL_PCD_EP_Close
                0x00000000080011f4       0x90 ./src/lib/cube_f103/Drivers/STM32F1xx_HAL_Driver/Src/stm32f1xx_hal_pcd.o
                0x00000000080011f4                HAL_PCD_EP_Close
 .text.HAL_PCD_EP_Receive
                0x0000000008001284       0x7a ./src/lib/cube_f103/Drivers/STM32F1xx_HAL_Driver/Src/stm32f1xx_hal_pcd.o
                0x0000000008001284                HAL_PCD_EP_Receive
 .text.HAL_PCD_EP_GetRxCount
                0x00000000080012fe       0x2e ./src/lib/cube_f103/Drivers/STM32F1xx_HAL_Driver/Src/stm32f1xx_hal_pcd.o
                0x00000000080012fe                HAL_PCD_EP_GetRxCount
 .text.HAL_PCD_EP_Transmit
                0x000000000800132c       0x86 ./src/lib/cube_f103/Drivers/STM32F1xx_HAL_Driver/Src/stm32f1xx_hal_pcd.o
                0x000000000800132c                HAL_PCD_EP_Transmit
 .text.HAL_PCD_EP_SetStall
                0x00000000080013b2       0xc0 ./src/lib/cube_f103/Drivers/STM32F1xx_HAL_Driver/Src/stm32f1xx_hal_pcd.o
                0x00000000080013b2                HAL_PCD_EP_SetStall
 .text.HAL_PCD_EP_ClrStall
                0x0000000008001472       0xa8 ./src/lib/cube_f103/Drivers/STM32F1xx_HAL_Driver/Src/stm32f1xx_hal_pcd.o
                0x0000000008001472                HAL_PCD_EP_ClrStall
 .text.PCD_EP_ISR_Handler
                0x000000000800151a      0x600 ./src/lib/cube_f103/Drivers/STM32F1xx_HAL_Driver/Src/stm32f1xx_hal_pcd.o
 .text.HAL_PCD_EP_DB_Receive
                0x0000000008001b1a      0x21a ./src/lib/cube_f103/Drivers/STM32F1xx_HAL_Driver/Src/stm32f1xx_hal_pcd.o
 .text.HAL_PCD_EP_DB_Transmit
                0x0000000008001d34      0x7a4 ./src/lib/cube_f103/Drivers/STM32F1xx_HAL_Driver/Src/stm32f1xx_hal_pcd.o
 .text.HAL_PCDEx_PMAConfig
                0x00000000080024d8       0x84 ./src/lib/cube_f103/Drivers/STM32F1xx_HAL_Driver/Src/stm32f1xx_hal_pcd_ex.o
                0x00000000080024d8                HAL_PCDEx_PMAConfig
 .text.HAL_RCC_OscConfig
                0x000000000800255c      0x504 ./src/lib/cube_f103/Drivers/STM32F1xx_HAL_Driver/Src/stm32f1xx_hal_rcc.o
                0x000000000800255c                HAL_RCC_OscConfig
 .text.HAL_RCC_ClockConfig
                0x0000000008002a60      0x1d4 ./src/lib/cube_f103/Drivers/STM32F1xx_HAL_Driver/Src/stm32f1xx_hal_rcc.o
                0x0000000008002a60                HAL_RCC_ClockConfig
 .text.HAL_RCC_GetSysClockFreq
                0x0000000008002c34       0xbc ./src/lib/cube_f103/Drivers/STM32F1xx_HAL_Driver/Src/stm32f1xx_hal_rcc.o
                0x0000000008002c34                HAL_RCC_GetSysClockFreq
 .text.RCC_Delay
                0x0000000008002cf0       0x3c ./src/lib/cube_f103/Drivers/STM32F1xx_HAL_Driver/Src/stm32f1xx_hal_rcc.o
 .text.HAL_RCCEx_PeriphCLKConfig
                0x0000000008002d2c      0x16c ./src/lib/cube_f103/Drivers/STM32F1xx_HAL_Driver/Src/stm32f1xx_hal_rcc_ex.o
                0x0000000008002d2c                HAL_RCCEx_PeriphCLKConfig
 .text.USB_CoreInit
                0x0000000008002e98       0x20 ./src/lib/cube_f103/Drivers/STM32F1xx_HAL_Driver/Src/stm32f1xx_ll_usb.o
                0x0000000008002e98                USB_CoreInit
 .text.USB_EnableGlobalInt
                0x0000000008002eb8       0x2c ./src/lib/cube_f103/Drivers/STM32F1xx_HAL_Driver/Src/stm32f1xx_ll_usb.o
                0x0000000008002eb8                USB_EnableGlobalInt
 .text.USB_DisableGlobalInt
                0x0000000008002ee4       0x34 ./src/lib/cube_f103/Drivers/STM32F1xx_HAL_Driver/Src/stm32f1xx_ll_usb.o
                0x0000000008002ee4                USB_DisableGlobalInt
 .text.USB_SetCurrentMode
                0x0000000008002f18       0x18 ./src/lib/cube_f103/Drivers/STM32F1xx_HAL_Driver/Src/stm32f1xx_ll_usb.o
                0x0000000008002f18                USB_SetCurrentMode
 .text.USB_DevInit
                0x0000000008002f30       0x40 ./src/lib/cube_f103/Drivers/STM32F1xx_HAL_Driver/Src/stm32f1xx_ll_usb.o
                0x0000000008002f30                USB_DevInit
 .text.USB_ActivateEndpoint
                0x0000000008002f70      0x6d4 ./src/lib/cube_f103/Drivers/STM32F1xx_HAL_Driver/Src/stm32f1xx_ll_usb.o
                0x0000000008002f70                USB_ActivateEndpoint
 .text.USB_DeactivateEndpoint
                0x0000000008003644      0x3d8 ./src/lib/cube_f103/Drivers/STM32F1xx_HAL_Driver/Src/stm32f1xx_ll_usb.o
                0x0000000008003644                USB_DeactivateEndpoint
 .text.USB_EPStartXfer
                0x0000000008003a1c     0x1c70 ./src/lib/cube_f103/Drivers/STM32F1xx_HAL_Driver/Src/stm32f1xx_ll_usb.o
                0x0000000008003a1c                USB_EPStartXfer
 .text.USB_EPSetStall
                0x000000000800568c       0xa0 ./src/lib/cube_f103/Drivers/STM32F1xx_HAL_Driver/Src/stm32f1xx_ll_usb.o
                0x000000000800568c                USB_EPSetStall
 .text.USB_EPClearStall
                0x000000000800572c      0x15a ./src/lib/cube_f103/Drivers/STM32F1xx_HAL_Driver/Src/stm32f1xx_ll_usb.o
                0x000000000800572c                USB_EPClearStall
 .text.USB_SetDevAddress
                0x0000000008005886       0x26 ./src/lib/cube_f103/Drivers/STM32F1xx_HAL_Driver/Src/stm32f1xx_ll_usb.o
                0x0000000008005886                USB_SetDevAddress
 .text.USB_DevConnect
                0x00000000080058ac       0x14 ./src/lib/cube_f103/Drivers/STM32F1xx_HAL_Driver/Src/stm32f1xx_ll_usb.o
                0x00000000080058ac                USB_DevConnect
 .text.USB_DevDisconnect
                0x00000000080058c0       0x14 ./src/lib/cube_f103/Drivers/STM32F1xx_HAL_Driver/Src/stm32f1xx_ll_usb.o
                0x00000000080058c0                USB_DevDisconnect
 .text.USB_ReadInterrupts
                0x00000000080058d4       0x1e ./src/lib/cube_f103/Drivers/STM32F1xx_HAL_Driver/Src/stm32f1xx_ll_usb.o
                0x00000000080058d4                USB_ReadInterrupts
 .text.USB_EP0_OutStart
                0x00000000080058f2       0x16 ./src/lib/cube_f103/Drivers/STM32F1xx_HAL_Driver/Src/stm32f1xx_ll_usb.o
                0x00000000080058f2                USB_EP0_OutStart
 .text.USB_WritePMA
                0x0000000008005908       0x8a ./src/lib/cube_f103/Drivers/STM32F1xx_HAL_Driver/Src/stm32f1xx_ll_usb.o
                0x0000000008005908                USB_WritePMA
 .text.USB_ReadPMA
                0x0000000008005992       0x9e ./src/lib/cube_f103/Drivers/STM32F1xx_HAL_Driver/Src/stm32f1xx_ll_usb.o
                0x0000000008005992                USB_ReadPMA
 .text.USBD_CDC_Init
                0x0000000008005a30       0xf4 ./src/lib/cube_f103/Middlewares/ST/STM32_USB_Device_Library/Class/CDC/Src/usbd_cdc.o
 .text.USBD_CDC_DeInit
                0x0000000008005b24       0x6e ./src/lib/cube_f103/Middlewares/ST/STM32_USB_Device_Library/Class/CDC/Src/usbd_cdc.o
 .text.USBD_CDC_Setup
                0x0000000008005b92      0x146 ./src/lib/cube_f103/Middlewares/ST/STM32_USB_Device_Library/Class/CDC/Src/usbd_cdc.o
 .text.USBD_CDC_DataIn
                0x0000000008005cd8       0xa6 ./src/lib/cube_f103/Middlewares/ST/STM32_USB_Device_Library/Class/CDC/Src/usbd_cdc.o
 .text.USBD_CDC_DataOut
                0x0000000008005d7e       0x56 ./src/lib/cube_f103/Middlewares/ST/STM32_USB_Device_Library/Class/CDC/Src/usbd_cdc.o
 .text.USBD_CDC_EP0_RxReady
                0x0000000008005dd4       0x50 ./src/lib/cube_f103/Middlewares/ST/STM32_USB_Device_Library/Class/CDC/Src/usbd_cdc.o
 .text.USBD_CDC_GetFSCfgDesc
                0x0000000008005e24       0x20 ./src/lib/cube_f103/Middlewares/ST/STM32_USB_Device_Library/Class/CDC/Src/usbd_cdc.o
 .text.USBD_CDC_GetHSCfgDesc
                0x0000000008005e44       0x20 ./src/lib/cube_f103/Middlewares/ST/STM32_USB_Device_Library/Class/CDC/Src/usbd_cdc.o
 .text.USBD_CDC_GetOtherSpeedCfgDesc
                0x0000000008005e64       0x20 ./src/lib/cube_f103/Middlewares/ST/STM32_USB_Device_Library/Class/CDC/Src/usbd_cdc.o
 .text.USBD_CDC_GetDeviceQualifierDescriptor
                0x0000000008005e84       0x20 ./src/lib/cube_f103/Middlewares/ST/STM32_USB_Device_Library/Class/CDC/Src/usbd_cdc.o
                0x0000000008005e84                USBD_CDC_GetDeviceQualifierDescriptor
 .text.USBD_CDC_RegisterInterface
                0x0000000008005ea4       0x2c ./src/lib/cube_f103/Middlewares/ST/STM32_USB_Device_Library/Class/CDC/Src/usbd_cdc.o
                0x0000000008005ea4                USBD_CDC_RegisterInterface
 .text.USBD_CDC_SetTxBuffer
                0x0000000008005ed0       0x32 ./src/lib/cube_f103/Middlewares/ST/STM32_USB_Device_Library/Class/CDC/Src/usbd_cdc.o
                0x0000000008005ed0                USBD_CDC_SetTxBuffer
 .text.USBD_CDC_SetRxBuffer
                0x0000000008005f02       0x26 ./src/lib/cube_f103/Middlewares/ST/STM32_USB_Device_Library/Class/CDC/Src/usbd_cdc.o
                0x0000000008005f02                USBD_CDC_SetRxBuffer
 .text.USBD_CDC_TransmitPacket
                0x0000000008005f28       0x5e ./src/lib/cube_f103/Middlewares/ST/STM32_USB_Device_Library/Class/CDC/Src/usbd_cdc.o
                0x0000000008005f28                USBD_CDC_TransmitPacket
 .text.USBD_CDC_ReceivePacket
                0x0000000008005f86       0x54 ./src/lib/cube_f103/Middlewares/ST/STM32_USB_Device_Library/Class/CDC/Src/usbd_cdc.o
                0x0000000008005f86                USBD_CDC_ReceivePacket
 .text.USBD_Init
                0x0000000008005fda       0x56 ./src/lib/cube_f103/Middlewares/ST/STM32_USB_Device_Library/Core/Src/usbd_core.o
                0x0000000008005fda                USBD_Init
 .text.USBD_RegisterClass
                0x0000000008006030       0x32 ./src/lib/cube_f103/Middlewares/ST/STM32_USB_Device_Library/Core/Src/usbd_core.o
                0x0000000008006030                USBD_RegisterClass
 .text.USBD_Start
                0x0000000008006062       0x18 ./src/lib/cube_f103/Middlewares/ST/STM32_USB_Device_Library/Core/Src/usbd_core.o
                0x0000000008006062                USBD_Start
 .text.USBD_RunTestMode
                0x000000000800607a       0x14 ./src/lib/cube_f103/Middlewares/ST/STM32_USB_Device_Library/Core/Src/usbd_core.o
                0x000000000800607a                USBD_RunTestMode
 .text.USBD_SetClassConfig
                0x000000000800608e       0x3e ./src/lib/cube_f103/Middlewares/ST/STM32_USB_Device_Library/Core/Src/usbd_core.o
                0x000000000800608e                USBD_SetClassConfig
 .text.USBD_ClrClassConfig
                0x00000000080060cc       0x26 ./src/lib/cube_f103/Middlewares/ST/STM32_USB_Device_Library/Core/Src/usbd_core.o
                0x00000000080060cc                USBD_ClrClassConfig
 .text.USBD_LL_SetupStage
                0x00000000080060f2       0x9a ./src/lib/cube_f103/Middlewares/ST/STM32_USB_Device_Library/Core/Src/usbd_core.o
                0x00000000080060f2                USBD_LL_SetupStage
 .text.USBD_LL_DataOutStage
                0x000000000800618c       0xe2 ./src/lib/cube_f103/Middlewares/ST/STM32_USB_Device_Library/Core/Src/usbd_core.o
                0x000000000800618c                USBD_LL_DataOutStage
 .text.USBD_LL_DataInStage
                0x000000000800626e      0x14a ./src/lib/cube_f103/Middlewares/ST/STM32_USB_Device_Library/Core/Src/usbd_core.o
                0x000000000800626e                USBD_LL_DataInStage
 .text.USBD_LL_Reset
                0x00000000080063b8       0x82 ./src/lib/cube_f103/Middlewares/ST/STM32_USB_Device_Library/Core/Src/usbd_core.o
                0x00000000080063b8                USBD_LL_Reset
 .text.USBD_LL_SetSpeed
                0x000000000800643a       0x1e ./src/lib/cube_f103/Middlewares/ST/STM32_USB_Device_Library/Core/Src/usbd_core.o
                0x000000000800643a                USBD_LL_SetSpeed
 .text.USBD_LL_Suspend
                0x0000000008006458       0x28 ./src/lib/cube_f103/Middlewares/ST/STM32_USB_Device_Library/Core/Src/usbd_core.o
                0x0000000008006458                USBD_LL_Suspend
 .text.USBD_LL_Resume
                0x0000000008006480       0x2a ./src/lib/cube_f103/Middlewares/ST/STM32_USB_Device_Library/Core/Src/usbd_core.o
                0x0000000008006480                USBD_LL_Resume
 .text.USBD_LL_SOF
                0x00000000080064aa       0x34 ./src/lib/cube_f103/Middlewares/ST/STM32_USB_Device_Library/Core/Src/usbd_core.o
                0x00000000080064aa                USBD_LL_SOF
 *fill*         0x00000000080064de        0x2 
 .text.USBD_StdDevReq
                0x00000000080064e0       0xd4 ./src/lib/cube_f103/Middlewares/ST/STM32_USB_Device_Library/Core/Src/usbd_ctlreq.o
                0x00000000080064e0                USBD_StdDevReq
 .text.USBD_StdItfReq
                0x00000000080065b4       0x90 ./src/lib/cube_f103/Middlewares/ST/STM32_USB_Device_Library/Core/Src/usbd_ctlreq.o
                0x00000000080065b4                USBD_StdItfReq
 .text.USBD_StdEPReq
                0x0000000008006644      0x2c6 ./src/lib/cube_f103/Middlewares/ST/STM32_USB_Device_Library/Core/Src/usbd_ctlreq.o
                0x0000000008006644                USBD_StdEPReq
 *fill*         0x000000000800690a        0x2 
 .text.USBD_GetDescriptor
                0x000000000800690c      0x2d0 ./src/lib/cube_f103/Middlewares/ST/STM32_USB_Device_Library/Core/Src/usbd_ctlreq.o
 .text.USBD_SetAddress
                0x0000000008006bdc       0x86 ./src/lib/cube_f103/Middlewares/ST/STM32_USB_Device_Library/Core/Src/usbd_ctlreq.o
 *fill*         0x0000000008006c62        0x2 
 .text.USBD_SetConfig
                0x0000000008006c64      0x11c ./src/lib/cube_f103/Middlewares/ST/STM32_USB_Device_Library/Core/Src/usbd_ctlreq.o
 .text.USBD_GetConfig
                0x0000000008006d80       0x6a ./src/lib/cube_f103/Middlewares/ST/STM32_USB_Device_Library/Core/Src/usbd_ctlreq.o
 .text.USBD_GetStatus
                0x0000000008006dea       0x66 ./src/lib/cube_f103/Middlewares/ST/STM32_USB_Device_Library/Core/Src/usbd_ctlreq.o
 .text.USBD_SetFeature
                0x0000000008006e50       0x28 ./src/lib/cube_f103/Middlewares/ST/STM32_USB_Device_Library/Core/Src/usbd_ctlreq.o
 .text.USBD_ClrFeature
                0x0000000008006e78       0x42 ./src/lib/cube_f103/Middlewares/ST/STM32_USB_Device_Library/Core/Src/usbd_ctlreq.o
 .text.USBD_ParseSetupRequest
                0x0000000008006eba       0x78 ./src/lib/cube_f103/Middlewares/ST/STM32_USB_Device_Library/Core/Src/usbd_ctlreq.o
                0x0000000008006eba                USBD_ParseSetupRequest
 .text.USBD_CtlError
                0x0000000008006f32       0x22 ./src/lib/cube_f103/Middlewares/ST/STM32_USB_Device_Library/Core/Src/usbd_ctlreq.o
                0x0000000008006f32                USBD_CtlError
 .text.USBD_GetString
                0x0000000008006f54       0x84 ./src/lib/cube_f103/Middlewares/ST/STM32_USB_Device_Library/Core/Src/usbd_ctlreq.o
                0x0000000008006f54                USBD_GetString
 .text.USBD_GetLen
                0x0000000008006fd8       0x2e ./src/lib/cube_f103/Middlewares/ST/STM32_USB_Device_Library/Core/Src/usbd_ctlreq.o
 .text.USBD_CtlSendData
                0x0000000008007006       0x38 ./src/lib/cube_f103/Middlewares/ST/STM32_USB_Device_Library/Core/Src/usbd_ioreq.o
                0x0000000008007006                USBD_CtlSendData
 .text.USBD_CtlContinueSendData
                0x000000000800703e       0x24 ./src/lib/cube_f103/Middlewares/ST/STM32_USB_Device_Library/Core/Src/usbd_ioreq.o
                0x000000000800703e                USBD_CtlContinueSendData
 .text.USBD_CtlPrepareRx
                0x0000000008007062       0x3c ./src/lib/cube_f103/Middlewares/ST/STM32_USB_Device_Library/Core/Src/usbd_ioreq.o
                0x0000000008007062                USBD_CtlPrepareRx
 .text.USBD_CtlContinueRx
                0x000000000800709e       0x24 ./src/lib/cube_f103/Middlewares/ST/STM32_USB_Device_Library/Core/Src/usbd_ioreq.o
                0x000000000800709e                USBD_CtlContinueRx
 .text.USBD_CtlSendStatus
                0x00000000080070c2       0x26 ./src/lib/cube_f103/Middlewares/ST/STM32_USB_Device_Library/Core/Src/usbd_ioreq.o
                0x00000000080070c2                USBD_CtlSendStatus
 .text.USBD_CtlReceiveStatus
                0x00000000080070e8       0x26 ./src/lib/cube_f103/Middlewares/ST/STM32_USB_Device_Library/Core/Src/usbd_ioreq.o
                0x00000000080070e8                USBD_CtlReceiveStatus
 *fill*         0x000000000800710e        0x2 
 .text.MX_USB_DEVICE_Init
                0x0000000008007110       0x60 ./src/lib/cube_f103/USB_DEVICE/App/usb_device.o
                0x0000000008007110                MX_USB_DEVICE_Init
 .text.CDC_Init_FS
                0x0000000008007170       0x28 ./src/lib/cube_f103/USB_DEVICE/App/usbd_cdc_if.o
 .text.CDC_DeInit_FS
                0x0000000008007198        0xe ./src/lib/cube_f103/USB_DEVICE/App/usbd_cdc_if.o
 *fill*         0x00000000080071a6        0x2 
 .text.CDC_Control_FS
                0x00000000080071a8       0xbc ./src/lib/cube_f103/USB_DEVICE/App/usbd_cdc_if.o
 .text.CDC_Receive_FS
                0x0000000008007264       0x28 ./src/lib/cube_f103/USB_DEVICE/App/usbd_cdc_if.o
 .text.CDC_Transmit_FS
                0x000000000800728c       0x4c ./src/lib/cube_f103/USB_DEVICE/App/usbd_cdc_if.o
                0x000000000800728c                CDC_Transmit_FS
 .text.USBD_FS_DeviceDescriptor
                0x00000000080072d8       0x24 ./src/lib/cube_f103/USB_DEVICE/App/usbd_desc.o
                0x00000000080072d8                USBD_FS_DeviceDescriptor
 .text.USBD_FS_LangIDStrDescriptor
                0x00000000080072fc       0x24 ./src/lib/cube_f103/USB_DEVICE/App/usbd_desc.o
                0x00000000080072fc                USBD_FS_LangIDStrDescriptor
 .text.USBD_FS_ProductStrDescriptor
                0x0000000008007320       0x3c ./src/lib/cube_f103/USB_DEVICE/App/usbd_desc.o
                0x0000000008007320                USBD_FS_ProductStrDescriptor
 .text.USBD_FS_ManufacturerStrDescriptor
                0x000000000800735c       0x28 ./src/lib/cube_f103/USB_DEVICE/App/usbd_desc.o
                0x000000000800735c                USBD_FS_ManufacturerStrDescriptor
 .text.USBD_FS_SerialStrDescriptor
                0x0000000008007384       0x24 ./src/lib/cube_f103/USB_DEVICE/App/usbd_desc.o
                0x0000000008007384                USBD_FS_SerialStrDescriptor
 .text.USBD_FS_ConfigStrDescriptor
                0x00000000080073a8       0x3c ./src/lib/cube_f103/USB_DEVICE/App/usbd_desc.o
                0x00000000080073a8                USBD_FS_ConfigStrDescriptor
 .text.USBD_FS_InterfaceStrDescriptor
                0x00000000080073e4       0x3c ./src/lib/cube_f103/USB_DEVICE/App/usbd_desc.o
                0x00000000080073e4                USBD_FS_InterfaceStrDescriptor
 .text.Get_SerialNum
                0x0000000008007420       0x58 ./src/lib/cube_f103/USB_DEVICE/App/usbd_desc.o
 .text.IntToUnicode
                0x0000000008007478       0x7c ./src/lib/cube_f103/USB_DEVICE/App/usbd_desc.o
 .text.HAL_PCD_MspInit
                0x00000000080074f4       0x4c ./src/lib/cube_f103/USB_DEVICE/Target/usbd_conf.o
                0x00000000080074f4                HAL_PCD_MspInit
 .text.HAL_PCD_SetupStageCallback
                0x0000000008007540       0x24 ./src/lib/cube_f103/USB_DEVICE/Target/usbd_conf.o
                0x0000000008007540                HAL_PCD_SetupStageCallback
 .text.HAL_PCD_DataOutStageCallback
                0x0000000008007564       0x36 ./src/lib/cube_f103/USB_DEVICE/Target/usbd_conf.o
                0x0000000008007564                HAL_PCD_DataOutStageCallback
 .text.HAL_PCD_DataInStageCallback
                0x000000000800759a       0x34 ./src/lib/cube_f103/USB_DEVICE/Target/usbd_conf.o
                0x000000000800759a                HAL_PCD_DataInStageCallback
 .text.HAL_PCD_SOFCallback
                0x00000000080075ce       0x1c ./src/lib/cube_f103/USB_DEVICE/Target/usbd_conf.o
                0x00000000080075ce                HAL_PCD_SOFCallback
 .text.HAL_PCD_ResetCallback
                0x00000000080075ea       0x3c ./src/lib/cube_f103/USB_DEVICE/Target/usbd_conf.o
                0x00000000080075ea                HAL_PCD_ResetCallback
 *fill*         0x0000000008007626        0x2 
 .text.HAL_PCD_SuspendCallback
                0x0000000008007628       0x34 ./src/lib/cube_f103/USB_DEVICE/Target/usbd_conf.o
                0x0000000008007628                HAL_PCD_SuspendCallback
 .text.HAL_PCD_ResumeCallback
                0x000000000800765c       0x1c ./src/lib/cube_f103/USB_DEVICE/Target/usbd_conf.o
                0x000000000800765c                HAL_PCD_ResumeCallback
 .text.USBD_LL_Init
                0x0000000008007678       0xb4 ./src/lib/cube_f103/USB_DEVICE/Target/usbd_conf.o
                0x0000000008007678                USBD_LL_Init
 .text.USBD_LL_Start
                0x000000000800772c       0x36 ./src/lib/cube_f103/USB_DEVICE/Target/usbd_conf.o
                0x000000000800772c                USBD_LL_Start
 .text.USBD_LL_OpenEP
                0x0000000008007762       0x4c ./src/lib/cube_f103/USB_DEVICE/Target/usbd_conf.o
                0x0000000008007762                USBD_LL_OpenEP
 .text.USBD_LL_CloseEP
                0x00000000080077ae       0x3e ./src/lib/cube_f103/USB_DEVICE/Target/usbd_conf.o
                0x00000000080077ae                USBD_LL_CloseEP
 .text.USBD_LL_StallEP
                0x00000000080077ec       0x3e ./src/lib/cube_f103/USB_DEVICE/Target/usbd_conf.o
                0x00000000080077ec                USBD_LL_StallEP
 .text.USBD_LL_ClearStallEP
                0x000000000800782a       0x3e ./src/lib/cube_f103/USB_DEVICE/Target/usbd_conf.o
                0x000000000800782a                USBD_LL_ClearStallEP
 .text.USBD_LL_IsStallEP
                0x0000000008007868       0x58 ./src/lib/cube_f103/USB_DEVICE/Target/usbd_conf.o
                0x0000000008007868                USBD_LL_IsStallEP
 .text.USBD_LL_SetUSBAddress
                0x00000000080078c0       0x3e ./src/lib/cube_f103/USB_DEVICE/Target/usbd_conf.o
                0x00000000080078c0                USBD_LL_SetUSBAddress
 .text.USBD_LL_Transmit
                0x00000000080078fe       0x46 ./src/lib/cube_f103/USB_DEVICE/Target/usbd_conf.o
                0x00000000080078fe                USBD_LL_Transmit
 .text.USBD_LL_PrepareReceive
                0x0000000008007944       0x46 ./src/lib/cube_f103/USB_DEVICE/Target/usbd_conf.o
                0x0000000008007944                USBD_LL_PrepareReceive
 .text.USBD_LL_GetRxDataSize
                0x000000000800798a       0x26 ./src/lib/cube_f103/USB_DEVICE/Target/usbd_conf.o
                0x000000000800798a                USBD_LL_GetRxDataSize
 .text.USBD_static_malloc
                0x00000000080079b0       0x18 ./src/lib/cube_f103/USB_DEVICE/Target/usbd_conf.o
                0x00000000080079b0                USBD_static_malloc
 .text.USBD_static_free
                0x00000000080079c8       0x12 ./src/lib/cube_f103/USB_DEVICE/Target/usbd_conf.o
                0x00000000080079c8                USBD_static_free
 .text.HAL_PCDEx_SetConnectionState
                0x00000000080079da       0x16 ./src/lib/cube_f103/USB_DEVICE/Target/usbd_conf.o
                0x00000000080079da                HAL_PCDEx_SetConnectionState
 .text.USBD_Get_USB_Status
                0x00000000080079f0       0x58 ./src/lib/cube_f103/USB_DEVICE/Target/usbd_conf.o
 .text.main     0x0000000008007a48       0x16 ./src/main.o
                0x0000000008007a48                main
 *fill*         0x0000000008007a5e        0x2 
 .text.__libc_init_array
                0x0000000008007a60       0x48 c:/st/stm32cubeide_1.10.1/stm32cubeide/plugins/com.st.stm32cube.ide.mcu.externaltools.gnu-tools-for-stm32.10.3-2021.10.win32_1.0.0.202111181127/tools/bin/../lib/gcc/arm-none-eabi/10.3.1/../../../../arm-none-eabi/lib/thumb/v7-m/nofp\libc_nano.a(lib_a-init.o)
                0x0000000008007a60                __libc_init_array
 .text.memset   0x0000000008007aa8       0x10 c:/st/stm32cubeide_1.10.1/stm32cubeide/plugins/com.st.stm32cube.ide.mcu.externaltools.gnu-tools-for-stm32.10.3-2021.10.win32_1.0.0.202111181127/tools/bin/../lib/gcc/arm-none-eabi/10.3.1/../../../../arm-none-eabi/lib/thumb/v7-m/nofp\libc_nano.a(lib_a-memset.o)
                0x0000000008007aa8                memset
 *(.glue_7)
 .glue_7        0x0000000008007ab8        0x0 linker stubs
 *(.glue_7t)
 .glue_7t       0x0000000008007ab8        0x0 linker stubs
 *(.eh_frame)
 .eh_frame      0x0000000008007ab8        0x0 c:/st/stm32cubeide_1.10.1/stm32cubeide/plugins/com.st.stm32cube.ide.mcu.externaltools.gnu-tools-for-stm32.10.3-2021.10.win32_1.0.0.202111181127/tools/bin/../lib/gcc/arm-none-eabi/10.3.1/thumb/v7-m/nofp/crtbegin.o
 *(.init)
 .init          0x0000000008007ab8        0x4 c:/st/stm32cubeide_1.10.1/stm32cubeide/plugins/com.st.stm32cube.ide.mcu.externaltools.gnu-tools-for-stm32.10.3-2021.10.win32_1.0.0.202111181127/tools/bin/../lib/gcc/arm-none-eabi/10.3.1/thumb/v7-m/nofp/crti.o
                0x0000000008007ab8                _init
 .init          0x0000000008007abc        0x8 c:/st/stm32cubeide_1.10.1/stm32cubeide/plugins/com.st.stm32cube.ide.mcu.externaltools.gnu-tools-for-stm32.10.3-2021.10.win32_1.0.0.202111181127/tools/bin/../lib/gcc/arm-none-eabi/10.3.1/thumb/v7-m/nofp/crtn.o
 *(.fini)
 .fini          0x0000000008007ac4        0x4 c:/st/stm32cubeide_1.10.1/stm32cubeide/plugins/com.st.stm32cube.ide.mcu.externaltools.gnu-tools-for-stm32.10.3-2021.10.win32_1.0.0.202111181127/tools/bin/../lib/gcc/arm-none-eabi/10.3.1/thumb/v7-m/nofp/crti.o
                0x0000000008007ac4                _fini
 .fini          0x0000000008007ac8        0x8 c:/st/stm32cubeide_1.10.1/stm32cubeide/plugins/com.st.stm32cube.ide.mcu.externaltools.gnu-tools-for-stm32.10.3-2021.10.win32_1.0.0.202111181127/tools/bin/../lib/gcc/arm-none-eabi/10.3.1/thumb/v7-m/nofp/crtn.o
                0x0000000008007ad0                . = ALIGN (0x4)
                0x0000000008007ad0                _etext = .

.vfp11_veneer   0x0000000008007ad0        0x0
 .vfp11_veneer  0x0000000008007ad0        0x0 linker stubs

.v4_bx          0x0000000008007ad0        0x0
 .v4_bx         0x0000000008007ad0        0x0 linker stubs

.iplt           0x0000000008007ad0        0x0
 .iplt          0x0000000008007ad0        0x0 c:/st/stm32cubeide_1.10.1/stm32cubeide/plugins/com.st.stm32cube.ide.mcu.externaltools.gnu-tools-for-stm32.10.3-2021.10.win32_1.0.0.202111181127/tools/bin/../lib/gcc/arm-none-eabi/10.3.1/thumb/v7-m/nofp/crtbegin.o

.rodata         0x0000000008007ad0       0x70
                0x0000000008007ad0                . = ALIGN (0x4)
 *(.rodata)
 .rodata        0x0000000008007ad0        0x6 ./src/ap/ap.o
 *fill*         0x0000000008007ad6        0x2 
 .rodata        0x0000000008007ad8       0x10 ./src/lib/cube_f103/Drivers/STM32F1xx_HAL_Driver/Src/stm32f1xx_hal_rcc.o
 .rodata        0x0000000008007ae8       0x46 ./src/lib/cube_f103/USB_DEVICE/App/usbd_desc.o
 *(.rodata*)
 *fill*         0x0000000008007b2e        0x2 
 .rodata.AHBPrescTable
                0x0000000008007b30       0x10 ./src/bsp/system_stm32f1xx.o
                0x0000000008007b30                AHBPrescTable
                0x0000000008007b40                . = ALIGN (0x4)

.rel.dyn        0x0000000008007b40        0x0
 .rel.iplt      0x0000000008007b40        0x0 c:/st/stm32cubeide_1.10.1/stm32cubeide/plugins/com.st.stm32cube.ide.mcu.externaltools.gnu-tools-for-stm32.10.3-2021.10.win32_1.0.0.202111181127/tools/bin/../lib/gcc/arm-none-eabi/10.3.1/thumb/v7-m/nofp/crtbegin.o

.ARM.extab      0x0000000008007b40        0x0
                0x0000000008007b40                . = ALIGN (0x4)
 *(.ARM.extab* .gnu.linkonce.armextab.*)
                0x0000000008007b40                . = ALIGN (0x4)

.ARM            0x0000000008007b40        0x0
                0x0000000008007b40                . = ALIGN (0x4)
                0x0000000008007b40                __exidx_start = .
 *(.ARM.exidx*)
                0x0000000008007b40                __exidx_end = .
                0x0000000008007b40                . = ALIGN (0x4)

.preinit_array  0x0000000008007b40        0x0
                0x0000000008007b40                . = ALIGN (0x4)
                0x0000000008007b40                PROVIDE (__preinit_array_start = .)
 *(.preinit_array*)
                0x0000000008007b40                PROVIDE (__preinit_array_end = .)
                0x0000000008007b40                . = ALIGN (0x4)

.init_array     0x0000000008007b40        0x4
                0x0000000008007b40                . = ALIGN (0x4)
                0x0000000008007b40                PROVIDE (__init_array_start = .)
 *(SORT_BY_NAME(.init_array.*))
 *(.init_array*)
 .init_array    0x0000000008007b40        0x4 c:/st/stm32cubeide_1.10.1/stm32cubeide/plugins/com.st.stm32cube.ide.mcu.externaltools.gnu-tools-for-stm32.10.3-2021.10.win32_1.0.0.202111181127/tools/bin/../lib/gcc/arm-none-eabi/10.3.1/thumb/v7-m/nofp/crtbegin.o
                0x0000000008007b44                PROVIDE (__init_array_end = .)
                0x0000000008007b44                . = ALIGN (0x4)

.fini_array     0x0000000008007b44        0x4
                0x0000000008007b44                . = ALIGN (0x4)
                [!provide]                        PROVIDE (__fini_array_start = .)
 *(SORT_BY_NAME(.fini_array.*))
 *(.fini_array*)
 .fini_array    0x0000000008007b44        0x4 c:/st/stm32cubeide_1.10.1/stm32cubeide/plugins/com.st.stm32cube.ide.mcu.externaltools.gnu-tools-for-stm32.10.3-2021.10.win32_1.0.0.202111181127/tools/bin/../lib/gcc/arm-none-eabi/10.3.1/thumb/v7-m/nofp/crtbegin.o
                [!provide]                        PROVIDE (__fini_array_end = .)
                0x0000000008007b48                . = ALIGN (0x4)
                0x0000000008007b48                _sidata = LOADADDR (.data)

.data           0x0000000020000000      0x184 load address 0x0000000008007b48
                0x0000000020000000                . = ALIGN (0x4)
                0x0000000020000000                _sdata = .
 *(.data)
 *(.data*)
 .data.SystemCoreClock
                0x0000000020000000        0x4 ./src/bsp/system_stm32f1xx.o
                0x0000000020000000                SystemCoreClock
 .data.led_tbl  0x0000000020000004        0x8 ./src/hw/driver/led.o
                0x0000000020000004                led_tbl
 .data.uwTickPrio
                0x000000002000000c        0x4 ./src/lib/cube_f103/Drivers/STM32F1xx_HAL_Driver/Src/stm32f1xx_hal.o
                0x000000002000000c                uwTickPrio
 .data.uwTickFreq
                0x0000000020000010        0x1 ./src/lib/cube_f103/Drivers/STM32F1xx_HAL_Driver/Src/stm32f1xx_hal.o
                0x0000000020000010                uwTickFreq
 *fill*         0x0000000020000011        0x3 
 .data.USBD_CDC_DeviceQualifierDesc
                0x0000000020000014        0xa ./src/lib/cube_f103/Middlewares/ST/STM32_USB_Device_Library/Class/CDC/Src/usbd_cdc.o
 *fill*         0x000000002000001e        0x2 
 .data.USBD_CDC
                0x0000000020000020       0x38 ./src/lib/cube_f103/Middlewares/ST/STM32_USB_Device_Library/Class/CDC/Src/usbd_cdc.o
                0x0000000020000020                USBD_CDC
 .data.USBD_CDC_CfgHSDesc
                0x0000000020000058       0x43 ./src/lib/cube_f103/Middlewares/ST/STM32_USB_Device_Library/Class/CDC/Src/usbd_cdc.o
                0x0000000020000058                USBD_CDC_CfgHSDesc
 *fill*         0x000000002000009b        0x1 
 .data.USBD_CDC_CfgFSDesc
                0x000000002000009c       0x43 ./src/lib/cube_f103/Middlewares/ST/STM32_USB_Device_Library/Class/CDC/Src/usbd_cdc.o
                0x000000002000009c                USBD_CDC_CfgFSDesc
 *fill*         0x00000000200000df        0x1 
 .data.USBD_CDC_OtherSpeedCfgDesc
                0x00000000200000e0       0x43 ./src/lib/cube_f103/Middlewares/ST/STM32_USB_Device_Library/Class/CDC/Src/usbd_cdc.o
                0x00000000200000e0                USBD_CDC_OtherSpeedCfgDesc
 *fill*         0x0000000020000123        0x1 
 .data.USBD_Interface_fops_FS
                0x0000000020000124       0x10 ./src/lib/cube_f103/USB_DEVICE/App/usbd_cdc_if.o
                0x0000000020000124                USBD_Interface_fops_FS
 .data.FS_Desc  0x0000000020000134       0x1c ./src/lib/cube_f103/USB_DEVICE/App/usbd_desc.o
                0x0000000020000134                FS_Desc
 .data.USBD_FS_DeviceDesc
                0x0000000020000150       0x12 ./src/lib/cube_f103/USB_DEVICE/App/usbd_desc.o
                0x0000000020000150                USBD_FS_DeviceDesc
 *fill*         0x0000000020000162        0x2 
 .data.USBD_LangIDDesc
                0x0000000020000164        0x4 ./src/lib/cube_f103/USB_DEVICE/App/usbd_desc.o
                0x0000000020000164                USBD_LangIDDesc
 .data.USBD_StringSerial
                0x0000000020000168       0x1a ./src/lib/cube_f103/USB_DEVICE/App/usbd_desc.o
                0x0000000020000168                USBD_StringSerial
 *(.RamFunc)
 *(.RamFunc*)
                0x0000000020000184                . = ALIGN (0x4)
 *fill*         0x0000000020000182        0x2 
                0x0000000020000184                _edata = .

.igot.plt       0x0000000020000184        0x0 load address 0x0000000008007ccc
 .igot.plt      0x0000000020000184        0x0 c:/st/stm32cubeide_1.10.1/stm32cubeide/plugins/com.st.stm32cube.ide.mcu.externaltools.gnu-tools-for-stm32.10.3-2021.10.win32_1.0.0.202111181127/tools/bin/../lib/gcc/arm-none-eabi/10.3.1/thumb/v7-m/nofp/crtbegin.o
                0x0000000020000184                . = ALIGN (0x4)

.bss            0x0000000020000184      0xdf4 load address 0x0000000008007ccc
                0x0000000020000184                _sbss = .
                0x0000000020000184                __bss_start__ = _sbss
 *(.bss)
 .bss           0x0000000020000184       0x1c c:/st/stm32cubeide_1.10.1/stm32cubeide/plugins/com.st.stm32cube.ide.mcu.externaltools.gnu-tools-for-stm32.10.3-2021.10.win32_1.0.0.202111181127/tools/bin/../lib/gcc/arm-none-eabi/10.3.1/thumb/v7-m/nofp/crtbegin.o
 *(.bss*)
 .bss.uwTick    0x00000000200001a0        0x4 ./src/lib/cube_f103/Drivers/STM32F1xx_HAL_Driver/Src/stm32f1xx_hal.o
                0x00000000200001a0                uwTick
 .bss.cfgidx.0  0x00000000200001a4        0x1 ./src/lib/cube_f103/Middlewares/ST/STM32_USB_Device_Library/Core/Src/usbd_ctlreq.o
 *fill*         0x00000000200001a5        0x3 
 .bss.hUsbDeviceFS
                0x00000000200001a8      0x2c4 ./src/lib/cube_f103/USB_DEVICE/App/usb_device.o
                0x00000000200001a8                hUsbDeviceFS
 .bss.UserRxBufferFS
                0x000000002000046c      0x200 ./src/lib/cube_f103/USB_DEVICE/App/usbd_cdc_if.o
                0x000000002000046c                UserRxBufferFS
 .bss.UserTxBufferFS
                0x000000002000066c      0x200 ./src/lib/cube_f103/USB_DEVICE/App/usbd_cdc_if.o
                0x000000002000066c                UserTxBufferFS
 .bss.USBD_StrDesc
                0x000000002000086c      0x200 ./src/lib/cube_f103/USB_DEVICE/App/usbd_desc.o
                0x000000002000086c                USBD_StrDesc
 .bss.hpcd_USB_FS
                0x0000000020000a6c      0x2ec ./src/lib/cube_f103/USB_DEVICE/Target/usbd_conf.o
                0x0000000020000a6c                hpcd_USB_FS
 .bss.mem.0     0x0000000020000d58      0x220 ./src/lib/cube_f103/USB_DEVICE/Target/usbd_conf.o
 *(COMMON)
                0x0000000020000f78                . = ALIGN (0x4)
                0x0000000020000f78                _ebss = .
                0x0000000020000f78                __bss_end__ = _ebss

._user_heap_stack
                0x0000000020000f78      0x600 load address 0x0000000008007ccc
                0x0000000020000f78                . = ALIGN (0x8)
                [!provide]                        PROVIDE (end = .)
                0x0000000020000f78                PROVIDE (_end = .)
                0x0000000020001178                . = (. + _Min_Heap_Size)
 *fill*         0x0000000020000f78      0x200 
                0x0000000020001578                . = (. + _Min_Stack_Size)
 *fill*         0x0000000020001178      0x400 
                0x0000000020001578                . = ALIGN (0x8)

/DISCARD/
 libc.a(*)
 libm.a(*)
 libgcc.a(*)

.ARM.attributes
                0x0000000000000000       0x29
 *(.ARM.attributes)
 .ARM.attributes
                0x0000000000000000       0x1d c:/st/stm32cubeide_1.10.1/stm32cubeide/plugins/com.st.stm32cube.ide.mcu.externaltools.gnu-tools-for-stm32.10.3-2021.10.win32_1.0.0.202111181127/tools/bin/../lib/gcc/arm-none-eabi/10.3.1/thumb/v7-m/nofp/crti.o
 .ARM.attributes
                0x000000000000001d       0x2d c:/st/stm32cubeide_1.10.1/stm32cubeide/plugins/com.st.stm32cube.ide.mcu.externaltools.gnu-tools-for-stm32.10.3-2021.10.win32_1.0.0.202111181127/tools/bin/../lib/gcc/arm-none-eabi/10.3.1/thumb/v7-m/nofp/crtbegin.o
 .ARM.attributes
                0x000000000000004a       0x2d ./src/ap/ap.o
 .ARM.attributes
                0x0000000000000077       0x2d ./src/bsp/bsp.o
 .ARM.attributes
                0x00000000000000a4       0x2d ./src/bsp/stm32f1xx_hal_msp.o
 .ARM.attributes
                0x00000000000000d1       0x2d ./src/bsp/stm32f1xx_it.o
 .ARM.attributes
                0x00000000000000fe       0x2d ./src/bsp/system_stm32f1xx.o
 .ARM.attributes
                0x000000000000012b       0x21 ./src/bsp/startup/startup_stm32f103c8tx.o
 .ARM.attributes
                0x000000000000014c       0x2d ./src/hw/driver/led.o
 .ARM.attributes
                0x0000000000000179       0x2d ./src/hw/hw.o
 .ARM.attributes
                0x00000000000001a6       0x2d ./src/lib/cube_f103/Drivers/STM32F1xx_HAL_Driver/Src/stm32f1xx_hal.o
 .ARM.attributes
                0x00000000000001d3       0x2d ./src/lib/cube_f103/Drivers/STM32F1xx_HAL_Driver/Src/stm32f1xx_hal_cortex.o
 .ARM.attributes
                0x0000000000000200       0x2d ./src/lib/cube_f103/Drivers/STM32F1xx_HAL_Driver/Src/stm32f1xx_hal_gpio.o
 .ARM.attributes
                0x000000000000022d       0x2d ./src/lib/cube_f103/Drivers/STM32F1xx_HAL_Driver/Src/stm32f1xx_hal_pcd.o
 .ARM.attributes
                0x000000000000025a       0x2d ./src/lib/cube_f103/Drivers/STM32F1xx_HAL_Driver/Src/stm32f1xx_hal_pcd_ex.o
 .ARM.attributes
                0x0000000000000287       0x2d ./src/lib/cube_f103/Drivers/STM32F1xx_HAL_Driver/Src/stm32f1xx_hal_rcc.o
 .ARM.attributes
                0x00000000000002b4       0x2d ./src/lib/cube_f103/Drivers/STM32F1xx_HAL_Driver/Src/stm32f1xx_hal_rcc_ex.o
 .ARM.attributes
                0x00000000000002e1       0x2d ./src/lib/cube_f103/Drivers/STM32F1xx_HAL_Driver/Src/stm32f1xx_ll_usb.o
 .ARM.attributes
                0x000000000000030e       0x2d ./src/lib/cube_f103/Middlewares/ST/STM32_USB_Device_Library/Class/CDC/Src/usbd_cdc.o
 .ARM.attributes
                0x000000000000033b       0x2d ./src/lib/cube_f103/Middlewares/ST/STM32_USB_Device_Library/Core/Src/usbd_core.o
 .ARM.attributes
                0x0000000000000368       0x2d ./src/lib/cube_f103/Middlewares/ST/STM32_USB_Device_Library/Core/Src/usbd_ctlreq.o
 .ARM.attributes
                0x0000000000000395       0x2d ./src/lib/cube_f103/Middlewares/ST/STM32_USB_Device_Library/Core/Src/usbd_ioreq.o
 .ARM.attributes
                0x00000000000003c2       0x2d ./src/lib/cube_f103/USB_DEVICE/App/usb_device.o
 .ARM.attributes
                0x00000000000003ef       0x2d ./src/lib/cube_f103/USB_DEVICE/App/usbd_cdc_if.o
 .ARM.attributes
                0x000000000000041c       0x2d ./src/lib/cube_f103/USB_DEVICE/App/usbd_desc.o
 .ARM.attributes
                0x0000000000000449       0x2d ./src/lib/cube_f103/USB_DEVICE/Target/usbd_conf.o
 .ARM.attributes
                0x0000000000000476       0x2d ./src/main.o
 .ARM.attributes
                0x00000000000004a3       0x2d c:/st/stm32cubeide_1.10.1/stm32cubeide/plugins/com.st.stm32cube.ide.mcu.externaltools.gnu-tools-for-stm32.10.3-2021.10.win32_1.0.0.202111181127/tools/bin/../lib/gcc/arm-none-eabi/10.3.1/../../../../arm-none-eabi/lib/thumb/v7-m/nofp\libc_nano.a(lib_a-init.o)
 .ARM.attributes
                0x00000000000004d0       0x2d c:/st/stm32cubeide_1.10.1/stm32cubeide/plugins/com.st.stm32cube.ide.mcu.externaltools.gnu-tools-for-stm32.10.3-2021.10.win32_1.0.0.202111181127/tools/bin/../lib/gcc/arm-none-eabi/10.3.1/../../../../arm-none-eabi/lib/thumb/v7-m/nofp\libc_nano.a(lib_a-memset.o)
 .ARM.attributes
                0x00000000000004fd       0x1d c:/st/stm32cubeide_1.10.1/stm32cubeide/plugins/com.st.stm32cube.ide.mcu.externaltools.gnu-tools-for-stm32.10.3-2021.10.win32_1.0.0.202111181127/tools/bin/../lib/gcc/arm-none-eabi/10.3.1/thumb/v7-m/nofp/crtn.o
OUTPUT(stm32f103_fw.elf elf32-littlearm)
LOAD linker stubs
LOAD c:/st/stm32cubeide_1.10.1/stm32cubeide/plugins/com.st.stm32cube.ide.mcu.externaltools.gnu-tools-for-stm32.10.3-2021.10.win32_1.0.0.202111181127/tools/bin/../lib/gcc/arm-none-eabi/10.3.1/../../../../arm-none-eabi/lib/thumb/v7-m/nofp\libc.a
LOAD c:/st/stm32cubeide_1.10.1/stm32cubeide/plugins/com.st.stm32cube.ide.mcu.externaltools.gnu-tools-for-stm32.10.3-2021.10.win32_1.0.0.202111181127/tools/bin/../lib/gcc/arm-none-eabi/10.3.1/../../../../arm-none-eabi/lib/thumb/v7-m/nofp\libm.a
LOAD c:/st/stm32cubeide_1.10.1/stm32cubeide/plugins/com.st.stm32cube.ide.mcu.externaltools.gnu-tools-for-stm32.10.3-2021.10.win32_1.0.0.202111181127/tools/bin/../lib/gcc/arm-none-eabi/10.3.1/thumb/v7-m/nofp\libgcc.a

.debug_info     0x0000000000000000     0xcbd1
 .debug_info    0x0000000000000000      0x12f ./src/ap/ap.o
 .debug_info    0x000000000000012f      0x5d2 ./src/bsp/bsp.o
 .debug_info    0x0000000000000701      0x217 ./src/bsp/stm32f1xx_hal_msp.o
 .debug_info    0x0000000000000918      0x668 ./src/bsp/stm32f1xx_it.o
 .debug_info    0x0000000000000f80      0x236 ./src/bsp/system_stm32f1xx.o
 .debug_info    0x00000000000011b6       0x22 ./src/bsp/startup/startup_stm32f103c8tx.o
 .debug_info    0x00000000000011d8      0x3fe ./src/hw/driver/led.o
 .debug_info    0x00000000000015d6       0xab ./src/hw/hw.o
 .debug_info    0x0000000000001681      0x734 ./src/lib/cube_f103/Drivers/STM32F1xx_HAL_Driver/Src/stm32f1xx_hal.o
 .debug_info    0x0000000000001db5      0xb20 ./src/lib/cube_f103/Drivers/STM32F1xx_HAL_Driver/Src/stm32f1xx_hal_cortex.o
 .debug_info    0x00000000000028d5      0x615 ./src/lib/cube_f103/Drivers/STM32F1xx_HAL_Driver/Src/stm32f1xx_hal_gpio.o
 .debug_info    0x0000000000002eea     0x16ab ./src/lib/cube_f103/Drivers/STM32F1xx_HAL_Driver/Src/stm32f1xx_hal_pcd.o
 .debug_info    0x0000000000004595      0x728 ./src/lib/cube_f103/Drivers/STM32F1xx_HAL_Driver/Src/stm32f1xx_hal_pcd_ex.o
 .debug_info    0x0000000000004cbd      0x860 ./src/lib/cube_f103/Drivers/STM32F1xx_HAL_Driver/Src/stm32f1xx_hal_rcc.o
 .debug_info    0x000000000000551d      0x3e0 ./src/lib/cube_f103/Drivers/STM32F1xx_HAL_Driver/Src/stm32f1xx_hal_rcc_ex.o
 .debug_info    0x00000000000058fd     0x190d ./src/lib/cube_f103/Drivers/STM32F1xx_HAL_Driver/Src/stm32f1xx_ll_usb.o
 .debug_info    0x000000000000720a     0x10f1 ./src/lib/cube_f103/Middlewares/ST/STM32_USB_Device_Library/Class/CDC/Src/usbd_cdc.o
 .debug_info    0x00000000000082fb      0xb02 ./src/lib/cube_f103/Middlewares/ST/STM32_USB_Device_Library/Core/Src/usbd_core.o
 .debug_info    0x0000000000008dfd      0x9b6 ./src/lib/cube_f103/Middlewares/ST/STM32_USB_Device_Library/Core/Src/usbd_ctlreq.o
 .debug_info    0x00000000000097b3      0x715 ./src/lib/cube_f103/Middlewares/ST/STM32_USB_Device_Library/Core/Src/usbd_ioreq.o
 .debug_info    0x0000000000009ec8      0x679 ./src/lib/cube_f103/USB_DEVICE/App/usb_device.o
 .debug_info    0x000000000000a541      0x828 ./src/lib/cube_f103/USB_DEVICE/App/usbd_cdc_if.o
 .debug_info    0x000000000000ad69      0x484 ./src/lib/cube_f103/USB_DEVICE/App/usbd_desc.o
 .debug_info    0x000000000000b1ed     0x1938 ./src/lib/cube_f103/USB_DEVICE/Target/usbd_conf.o
 .debug_info    0x000000000000cb25       0xac ./src/main.o

.debug_abbrev   0x0000000000000000     0x2b26
 .debug_abbrev  0x0000000000000000       0xac ./src/ap/ap.o
 .debug_abbrev  0x00000000000000ac      0x1f5 ./src/bsp/bsp.o
 .debug_abbrev  0x00000000000002a1       0xd4 ./src/bsp/stm32f1xx_hal_msp.o
 .debug_abbrev  0x0000000000000375      0x188 ./src/bsp/stm32f1xx_it.o
 .debug_abbrev  0x00000000000004fd      0x13b ./src/bsp/system_stm32f1xx.o
 .debug_abbrev  0x0000000000000638       0x12 ./src/bsp/startup/startup_stm32f103c8tx.o
 .debug_abbrev  0x000000000000064a      0x19b ./src/hw/driver/led.o
 .debug_abbrev  0x00000000000007e5       0x6f ./src/hw/hw.o
 .debug_abbrev  0x0000000000000854      0x1fb ./src/lib/cube_f103/Drivers/STM32F1xx_HAL_Driver/Src/stm32f1xx_hal.o
 .debug_abbrev  0x0000000000000a4f      0x2ed ./src/lib/cube_f103/Drivers/STM32F1xx_HAL_Driver/Src/stm32f1xx_hal_cortex.o
 .debug_abbrev  0x0000000000000d3c      0x1bb ./src/lib/cube_f103/Drivers/STM32F1xx_HAL_Driver/Src/stm32f1xx_hal_gpio.o
 .debug_abbrev  0x0000000000000ef7      0x2b9 ./src/lib/cube_f103/Drivers/STM32F1xx_HAL_Driver/Src/stm32f1xx_hal_pcd.o
 .debug_abbrev  0x00000000000011b0      0x17f ./src/lib/cube_f103/Drivers/STM32F1xx_HAL_Driver/Src/stm32f1xx_hal_pcd_ex.o
 .debug_abbrev  0x000000000000132f      0x2a8 ./src/lib/cube_f103/Drivers/STM32F1xx_HAL_Driver/Src/stm32f1xx_hal_rcc.o
 .debug_abbrev  0x00000000000015d7      0x182 ./src/lib/cube_f103/Drivers/STM32F1xx_HAL_Driver/Src/stm32f1xx_hal_rcc_ex.o
 .debug_abbrev  0x0000000000001759      0x1cd ./src/lib/cube_f103/Drivers/STM32F1xx_HAL_Driver/Src/stm32f1xx_ll_usb.o
 .debug_abbrev  0x0000000000001926      0x2c0 ./src/lib/cube_f103/Middlewares/ST/STM32_USB_Device_Library/Class/CDC/Src/usbd_cdc.o
 .debug_abbrev  0x0000000000001be6      0x236 ./src/lib/cube_f103/Middlewares/ST/STM32_USB_Device_Library/Core/Src/usbd_core.o
 .debug_abbrev  0x0000000000001e1c      0x257 ./src/lib/cube_f103/Middlewares/ST/STM32_USB_Device_Library/Core/Src/usbd_ctlreq.o
 .debug_abbrev  0x0000000000002073      0x183 ./src/lib/cube_f103/Middlewares/ST/STM32_USB_Device_Library/Core/Src/usbd_ioreq.o
 .debug_abbrev  0x00000000000021f6      0x183 ./src/lib/cube_f103/USB_DEVICE/App/usb_device.o
 .debug_abbrev  0x0000000000002379      0x252 ./src/lib/cube_f103/USB_DEVICE/App/usbd_cdc_if.o
 .debug_abbrev  0x00000000000025cb      0x1fa ./src/lib/cube_f103/USB_DEVICE/App/usbd_desc.o
 .debug_abbrev  0x00000000000027c5      0x305 ./src/lib/cube_f103/USB_DEVICE/Target/usbd_conf.o
 .debug_abbrev  0x0000000000002aca       0x5c ./src/main.o

.debug_aranges  0x0000000000000000      0xb08
 .debug_aranges
                0x0000000000000000       0x28 ./src/ap/ap.o
 .debug_aranges
                0x0000000000000028       0x40 ./src/bsp/bsp.o
 .debug_aranges
                0x0000000000000068       0x20 ./src/bsp/stm32f1xx_hal_msp.o
 .debug_aranges
                0x0000000000000088       0x68 ./src/bsp/stm32f1xx_it.o
 .debug_aranges
                0x00000000000000f0       0x28 ./src/bsp/system_stm32f1xx.o
 .debug_aranges
                0x0000000000000118       0x28 ./src/bsp/startup/startup_stm32f103c8tx.o
 .debug_aranges
                0x0000000000000140       0x38 ./src/hw/driver/led.o
 .debug_aranges
                0x0000000000000178       0x20 ./src/hw/hw.o
 .debug_aranges
                0x0000000000000198       0xe0 ./src/lib/cube_f103/Drivers/STM32F1xx_HAL_Driver/Src/stm32f1xx_hal.o
 .debug_aranges
                0x0000000000000278      0x100 ./src/lib/cube_f103/Drivers/STM32F1xx_HAL_Driver/Src/stm32f1xx_hal_cortex.o
 .debug_aranges
                0x0000000000000378       0x58 ./src/lib/cube_f103/Drivers/STM32F1xx_HAL_Driver/Src/stm32f1xx_hal_gpio.o
 .debug_aranges
                0x00000000000003d0      0x138 ./src/lib/cube_f103/Drivers/STM32F1xx_HAL_Driver/Src/stm32f1xx_hal_pcd.o
 .debug_aranges
                0x0000000000000508       0x38 ./src/lib/cube_f103/Drivers/STM32F1xx_HAL_Driver/Src/stm32f1xx_hal_pcd_ex.o
 .debug_aranges
                0x0000000000000540       0x90 ./src/lib/cube_f103/Drivers/STM32F1xx_HAL_Driver/Src/stm32f1xx_hal_rcc.o
 .debug_aranges
                0x00000000000005d0       0x30 ./src/lib/cube_f103/Drivers/STM32F1xx_HAL_Driver/Src/stm32f1xx_hal_rcc_ex.o
 .debug_aranges
                0x0000000000000600       0xf0 ./src/lib/cube_f103/Drivers/STM32F1xx_HAL_Driver/Src/stm32f1xx_ll_usb.o
 .debug_aranges
                0x00000000000006f0       0x90 ./src/lib/cube_f103/Middlewares/ST/STM32_USB_Device_Library/Class/CDC/Src/usbd_cdc.o
 .debug_aranges
                0x0000000000000780       0xb8 ./src/lib/cube_f103/Middlewares/ST/STM32_USB_Device_Library/Core/Src/usbd_core.o
 .debug_aranges
                0x0000000000000838       0x88 ./src/lib/cube_f103/Middlewares/ST/STM32_USB_Device_Library/Core/Src/usbd_ctlreq.o
 .debug_aranges
                0x00000000000008c0       0x50 ./src/lib/cube_f103/Middlewares/ST/STM32_USB_Device_Library/Core/Src/usbd_ioreq.o
 .debug_aranges
                0x0000000000000910       0x20 ./src/lib/cube_f103/USB_DEVICE/App/usb_device.o
 .debug_aranges
                0x0000000000000930       0x40 ./src/lib/cube_f103/USB_DEVICE/App/usbd_cdc_if.o
 .debug_aranges
                0x0000000000000970       0x60 ./src/lib/cube_f103/USB_DEVICE/App/usbd_desc.o
 .debug_aranges
                0x00000000000009d0      0x118 ./src/lib/cube_f103/USB_DEVICE/Target/usbd_conf.o
 .debug_aranges
                0x0000000000000ae8       0x20 ./src/main.o

.debug_ranges   0x0000000000000000      0x980
 .debug_ranges  0x0000000000000000       0x18 ./src/ap/ap.o
 .debug_ranges  0x0000000000000018       0x30 ./src/bsp/bsp.o
 .debug_ranges  0x0000000000000048       0x10 ./src/bsp/stm32f1xx_hal_msp.o
 .debug_ranges  0x0000000000000058       0x58 ./src/bsp/stm32f1xx_it.o
 .debug_ranges  0x00000000000000b0       0x18 ./src/bsp/system_stm32f1xx.o
 .debug_ranges  0x00000000000000c8       0x20 ./src/bsp/startup/startup_stm32f103c8tx.o
 .debug_ranges  0x00000000000000e8       0x28 ./src/hw/driver/led.o
 .debug_ranges  0x0000000000000110       0x10 ./src/hw/hw.o
 .debug_ranges  0x0000000000000120       0xd0 ./src/lib/cube_f103/Drivers/STM32F1xx_HAL_Driver/Src/stm32f1xx_hal.o
 .debug_ranges  0x00000000000001f0       0xf0 ./src/lib/cube_f103/Drivers/STM32F1xx_HAL_Driver/Src/stm32f1xx_hal_cortex.o
 .debug_ranges  0x00000000000002e0       0x48 ./src/lib/cube_f103/Drivers/STM32F1xx_HAL_Driver/Src/stm32f1xx_hal_gpio.o
 .debug_ranges  0x0000000000000328      0x128 ./src/lib/cube_f103/Drivers/STM32F1xx_HAL_Driver/Src/stm32f1xx_hal_pcd.o
 .debug_ranges  0x0000000000000450       0x28 ./src/lib/cube_f103/Drivers/STM32F1xx_HAL_Driver/Src/stm32f1xx_hal_pcd_ex.o
 .debug_ranges  0x0000000000000478       0x80 ./src/lib/cube_f103/Drivers/STM32F1xx_HAL_Driver/Src/stm32f1xx_hal_rcc.o
 .debug_ranges  0x00000000000004f8       0x20 ./src/lib/cube_f103/Drivers/STM32F1xx_HAL_Driver/Src/stm32f1xx_hal_rcc_ex.o
 .debug_ranges  0x0000000000000518       0xe0 ./src/lib/cube_f103/Drivers/STM32F1xx_HAL_Driver/Src/stm32f1xx_ll_usb.o
 .debug_ranges  0x00000000000005f8       0x80 ./src/lib/cube_f103/Middlewares/ST/STM32_USB_Device_Library/Class/CDC/Src/usbd_cdc.o
 .debug_ranges  0x0000000000000678       0xa8 ./src/lib/cube_f103/Middlewares/ST/STM32_USB_Device_Library/Core/Src/usbd_core.o
 .debug_ranges  0x0000000000000720       0x78 ./src/lib/cube_f103/Middlewares/ST/STM32_USB_Device_Library/Core/Src/usbd_ctlreq.o
 .debug_ranges  0x0000000000000798       0x40 ./src/lib/cube_f103/Middlewares/ST/STM32_USB_Device_Library/Core/Src/usbd_ioreq.o
 .debug_ranges  0x00000000000007d8       0x10 ./src/lib/cube_f103/USB_DEVICE/App/usb_device.o
 .debug_ranges  0x00000000000007e8       0x30 ./src/lib/cube_f103/USB_DEVICE/App/usbd_cdc_if.o
 .debug_ranges  0x0000000000000818       0x50 ./src/lib/cube_f103/USB_DEVICE/App/usbd_desc.o
 .debug_ranges  0x0000000000000868      0x108 ./src/lib/cube_f103/USB_DEVICE/Target/usbd_conf.o
 .debug_ranges  0x0000000000000970       0x10 ./src/main.o

.debug_macro    0x0000000000000000    0x1a806
 .debug_macro   0x0000000000000000      0x355 ./src/ap/ap.o
 .debug_macro   0x0000000000000355      0xa60 ./src/ap/ap.o
 .debug_macro   0x0000000000000db5       0x22 ./src/ap/ap.o
 .debug_macro   0x0000000000000dd7       0x4c ./src/ap/ap.o
 .debug_macro   0x0000000000000e23       0x18 ./src/ap/ap.o
 .debug_macro   0x0000000000000e3b       0x94 ./src/ap/ap.o
 .debug_macro   0x0000000000000ecf       0x3c ./src/ap/ap.o
 .debug_macro   0x0000000000000f0b       0x34 ./src/ap/ap.o
 .debug_macro   0x0000000000000f3f       0x16 ./src/ap/ap.o
 .debug_macro   0x0000000000000f55       0x57 ./src/ap/ap.o
 .debug_macro   0x0000000000000fac       0x97 ./src/ap/ap.o
 .debug_macro   0x0000000000001043      0x341 ./src/ap/ap.o
 .debug_macro   0x0000000000001384       0xfd ./src/ap/ap.o
 .debug_macro   0x0000000000001481       0x10 ./src/ap/ap.o
 .debug_macro   0x0000000000001491       0x16 ./src/ap/ap.o
 .debug_macro   0x00000000000014a7       0x43 ./src/ap/ap.o
 .debug_macro   0x00000000000014ea       0x34 ./src/ap/ap.o
 .debug_macro   0x000000000000151e       0x10 ./src/ap/ap.o
 .debug_macro   0x000000000000152e       0x58 ./src/ap/ap.o
 .debug_macro   0x0000000000001586       0x71 ./src/ap/ap.o
 .debug_macro   0x00000000000015f7       0x1c ./src/ap/ap.o
 .debug_macro   0x0000000000001613      0x12a ./src/ap/ap.o
 .debug_macro   0x000000000000173d       0x10 ./src/ap/ap.o
 .debug_macro   0x000000000000174d       0x6a ./src/ap/ap.o
 .debug_macro   0x00000000000017b7       0x1c ./src/ap/ap.o
 .debug_macro   0x00000000000017d3       0x52 ./src/ap/ap.o
 .debug_macro   0x0000000000001825       0x22 ./src/ap/ap.o
 .debug_macro   0x0000000000001847       0x10 ./src/ap/ap.o
 .debug_macro   0x0000000000001857       0x52 ./src/ap/ap.o
 .debug_macro   0x00000000000018a9       0xd5 ./src/ap/ap.o
 .debug_macro   0x000000000000197e       0x1c ./src/ap/ap.o
 .debug_macro   0x000000000000199a       0x3d ./src/ap/ap.o
 .debug_macro   0x00000000000019d7       0x16 ./src/ap/ap.o
 .debug_macro   0x00000000000019ed      0x145 ./src/ap/ap.o
 .debug_macro   0x0000000000001b32      0x103 ./src/ap/ap.o
 .debug_macro   0x0000000000001c35      0x1df ./src/ap/ap.o
 .debug_macro   0x0000000000001e14       0x22 ./src/ap/ap.o
 .debug_macro   0x0000000000001e36       0x1c ./src/ap/ap.o
 .debug_macro   0x0000000000001e52      0x215 ./src/ap/ap.o
 .debug_macro   0x0000000000002067       0x2e ./src/ap/ap.o
 .debug_macro   0x0000000000002095       0x22 ./src/ap/ap.o
 .debug_macro   0x00000000000020b7       0x1c ./src/ap/ap.o
 .debug_macro   0x00000000000020d3       0x22 ./src/ap/ap.o
 .debug_macro   0x00000000000020f5       0xbd ./src/ap/ap.o
 .debug_macro   0x00000000000021b2      0xd23 ./src/ap/ap.o
 .debug_macro   0x0000000000002ed5     0xe09e ./src/ap/ap.o
 .debug_macro   0x0000000000010f73       0x6d ./src/ap/ap.o
 .debug_macro   0x0000000000010fe0     0x3468 ./src/ap/ap.o
 .debug_macro   0x0000000000014448       0x56 ./src/ap/ap.o
 .debug_macro   0x000000000001449e      0x5be ./src/ap/ap.o
 .debug_macro   0x0000000000014a5c      0x289 ./src/ap/ap.o
 .debug_macro   0x0000000000014ce5      0x1cb ./src/ap/ap.o
 .debug_macro   0x0000000000014eb0      0x114 ./src/ap/ap.o
 .debug_macro   0x0000000000014fc4      0x1b2 ./src/ap/ap.o
 .debug_macro   0x0000000000015176       0x27 ./src/ap/ap.o
 .debug_macro   0x000000000001519d      0x136 ./src/ap/ap.o
 .debug_macro   0x00000000000152d3      0x1bc ./src/ap/ap.o
 .debug_macro   0x000000000001548f       0x34 ./src/ap/ap.o
 .debug_macro   0x00000000000154c3       0x3c ./src/ap/ap.o
 .debug_macro   0x00000000000154ff       0x57 ./src/ap/ap.o
 .debug_macro   0x0000000000015556       0x88 ./src/ap/ap.o
 .debug_macro   0x00000000000155de      0x241 ./src/ap/ap.o
 .debug_macro   0x000000000001581f      0x141 ./src/ap/ap.o
 .debug_macro   0x0000000000015960       0x65 ./src/ap/ap.o
 .debug_macro   0x00000000000159c5      0x249 ./src/ap/ap.o
 .debug_macro   0x0000000000015c0e       0x83 ./src/ap/ap.o
 .debug_macro   0x0000000000015c91       0x10 ./src/ap/ap.o
 .debug_macro   0x0000000000015ca1      0x3ef ./src/bsp/bsp.o
 .debug_macro   0x0000000000016090       0x16 ./src/bsp/bsp.o
 .debug_macro   0x00000000000160a6       0x35 ./src/bsp/bsp.o
 .debug_macro   0x00000000000160db       0x16 ./src/bsp/bsp.o
 .debug_macro   0x00000000000160f1       0x29 ./src/bsp/bsp.o
 .debug_macro   0x000000000001611a       0x16 ./src/bsp/bsp.o
 .debug_macro   0x0000000000016130       0x20 ./src/bsp/bsp.o
 .debug_macro   0x0000000000016150       0x60 ./src/bsp/bsp.o
 .debug_macro   0x00000000000161b0      0x1c8 ./src/bsp/bsp.o
 .debug_macro   0x0000000000016378      0x35f ./src/bsp/stm32f1xx_hal_msp.o
 .debug_macro   0x00000000000166d7      0x369 ./src/bsp/stm32f1xx_it.o
 .debug_macro   0x0000000000016a40       0xc8 ./src/bsp/system_stm32f1xx.o
 .debug_macro   0x0000000000016b08       0x8e ./src/bsp/system_stm32f1xx.o
 .debug_macro   0x0000000000016b96       0x51 ./src/bsp/system_stm32f1xx.o
 .debug_macro   0x0000000000016be7      0x33d ./src/hw/driver/led.o
 .debug_macro   0x0000000000016f24      0x34b ./src/hw/hw.o
 .debug_macro   0x000000000001726f      0x1c7 ./src/lib/cube_f103/Drivers/STM32F1xx_HAL_Driver/Src/stm32f1xx_hal.o
 .debug_macro   0x0000000000017436       0x5c ./src/lib/cube_f103/Drivers/STM32F1xx_HAL_Driver/Src/stm32f1xx_hal.o
 .debug_macro   0x0000000000017492      0x1a3 ./src/lib/cube_f103/Drivers/STM32F1xx_HAL_Driver/Src/stm32f1xx_hal_cortex.o
 .debug_macro   0x0000000000017635      0x20e ./src/lib/cube_f103/Drivers/STM32F1xx_HAL_Driver/Src/stm32f1xx_hal_gpio.o
 .debug_macro   0x0000000000017843      0x1af ./src/lib/cube_f103/Drivers/STM32F1xx_HAL_Driver/Src/stm32f1xx_hal_pcd.o
 .debug_macro   0x00000000000179f2      0x1a3 ./src/lib/cube_f103/Drivers/STM32F1xx_HAL_Driver/Src/stm32f1xx_hal_pcd_ex.o
 .debug_macro   0x0000000000017b95      0x1b5 ./src/lib/cube_f103/Drivers/STM32F1xx_HAL_Driver/Src/stm32f1xx_hal_rcc.o
 .debug_macro   0x0000000000017d4a      0x1a3 ./src/lib/cube_f103/Drivers/STM32F1xx_HAL_Driver/Src/stm32f1xx_hal_rcc_ex.o
 .debug_macro   0x0000000000017eed      0x1a3 ./src/lib/cube_f103/Drivers/STM32F1xx_HAL_Driver/Src/stm32f1xx_ll_usb.o
 .debug_macro   0x0000000000018090      0x41c ./src/lib/cube_f103/Middlewares/ST/STM32_USB_Device_Library/Class/CDC/Src/usbd_cdc.o
 .debug_macro   0x00000000000184ac       0x8f ./src/lib/cube_f103/Middlewares/ST/STM32_USB_Device_Library/Class/CDC/Src/usbd_cdc.o
 .debug_macro   0x000000000001853b      0x403 ./src/lib/cube_f103/Middlewares/ST/STM32_USB_Device_Library/Core/Src/usbd_core.o
 .debug_macro   0x000000000001893e      0x1ce ./src/lib/cube_f103/Middlewares/ST/STM32_USB_Device_Library/Core/Src/usbd_core.o
 .debug_macro   0x0000000000018b0c      0x40d ./src/lib/cube_f103/Middlewares/ST/STM32_USB_Device_Library/Core/Src/usbd_ctlreq.o
 .debug_macro   0x0000000000018f19      0x409 ./src/lib/cube_f103/Middlewares/ST/STM32_USB_Device_Library/Core/Src/usbd_ioreq.o
 .debug_macro   0x0000000000019322      0x442 ./src/lib/cube_f103/USB_DEVICE/App/usb_device.o
 .debug_macro   0x0000000000019764       0x52 ./src/lib/cube_f103/USB_DEVICE/App/usb_device.o
 .debug_macro   0x00000000000197b6       0x22 ./src/lib/cube_f103/USB_DEVICE/App/usb_device.o
 .debug_macro   0x00000000000197d8       0x16 ./src/lib/cube_f103/USB_DEVICE/App/usb_device.o
 .debug_macro   0x00000000000197ee      0x427 ./src/lib/cube_f103/USB_DEVICE/App/usbd_cdc_if.o
 .debug_macro   0x0000000000019c15       0x10 ./src/lib/cube_f103/USB_DEVICE/App/usbd_cdc_if.o
 .debug_macro   0x0000000000019c25      0x440 ./src/lib/cube_f103/USB_DEVICE/App/usbd_desc.o
 .debug_macro   0x000000000001a065       0x1c ./src/lib/cube_f103/USB_DEVICE/App/usbd_desc.o
 .debug_macro   0x000000000001a081      0x426 ./src/lib/cube_f103/USB_DEVICE/Target/usbd_conf.o
 .debug_macro   0x000000000001a4a7      0x35f ./src/main.o

.debug_line     0x0000000000000000    0x13020
 .debug_line    0x0000000000000000      0xa3f ./src/ap/ap.o
 .debug_line    0x0000000000000a3f      0xce8 ./src/bsp/bsp.o
 .debug_line    0x0000000000001727      0xa97 ./src/bsp/stm32f1xx_hal_msp.o
 .debug_line    0x00000000000021be      0xb70 ./src/bsp/stm32f1xx_it.o
 .debug_line    0x0000000000002d2e      0x544 ./src/bsp/system_stm32f1xx.o
 .debug_line    0x0000000000003272       0x8a ./src/bsp/startup/startup_stm32f103c8tx.o
 .debug_line    0x00000000000032fc      0xaac ./src/hw/driver/led.o
 .debug_line    0x0000000000003da8      0xa22 ./src/hw/hw.o
 .debug_line    0x00000000000047ca      0xa32 ./src/lib/cube_f103/Drivers/STM32F1xx_HAL_Driver/Src/stm32f1xx_hal.o
 .debug_line    0x00000000000051fc      0xc1a ./src/lib/cube_f103/Drivers/STM32F1xx_HAL_Driver/Src/stm32f1xx_hal_cortex.o
 .debug_line    0x0000000000005e16      0xac9 ./src/lib/cube_f103/Drivers/STM32F1xx_HAL_Driver/Src/stm32f1xx_hal_gpio.o
 .debug_line    0x00000000000068df     0x1420 ./src/lib/cube_f103/Drivers/STM32F1xx_HAL_Driver/Src/stm32f1xx_hal_pcd.o
 .debug_line    0x0000000000007cff      0x800 ./src/lib/cube_f103/Drivers/STM32F1xx_HAL_Driver/Src/stm32f1xx_hal_pcd_ex.o
 .debug_line    0x00000000000084ff      0xe40 ./src/lib/cube_f103/Drivers/STM32F1xx_HAL_Driver/Src/stm32f1xx_hal_rcc.o
 .debug_line    0x000000000000933f      0x97e ./src/lib/cube_f103/Drivers/STM32F1xx_HAL_Driver/Src/stm32f1xx_hal_rcc_ex.o
 .debug_line    0x0000000000009cbd     0x1165 ./src/lib/cube_f103/Drivers/STM32F1xx_HAL_Driver/Src/stm32f1xx_ll_usb.o
 .debug_line    0x000000000000ae22      0xffd ./src/lib/cube_f103/Middlewares/ST/STM32_USB_Device_Library/Class/CDC/Src/usbd_cdc.o
 .debug_line    0x000000000000be1f     0x1045 ./src/lib/cube_f103/Middlewares/ST/STM32_USB_Device_Library/Core/Src/usbd_core.o
 .debug_line    0x000000000000ce64     0x1267 ./src/lib/cube_f103/Middlewares/ST/STM32_USB_Device_Library/Core/Src/usbd_ctlreq.o
 .debug_line    0x000000000000e0cb      0xcdb ./src/lib/cube_f103/Middlewares/ST/STM32_USB_Device_Library/Core/Src/usbd_ioreq.o
 .debug_line    0x000000000000eda6      0xcd3 ./src/lib/cube_f103/USB_DEVICE/App/usb_device.o
 .debug_line    0x000000000000fa79      0xd1b ./src/lib/cube_f103/USB_DEVICE/App/usbd_cdc_if.o
 .debug_line    0x0000000000010794      0xd64 ./src/lib/cube_f103/USB_DEVICE/App/usbd_desc.o
 .debug_line    0x00000000000114f8     0x10cd ./src/lib/cube_f103/USB_DEVICE/Target/usbd_conf.o
 .debug_line    0x00000000000125c5      0xa5b ./src/main.o

.debug_str      0x0000000000000000    0x84afa
 .debug_str     0x0000000000000000    0x80e41 ./src/ap/ap.o
                                      0x81199 (size before relaxing)
 .debug_str     0x0000000000080e41      0xe03 ./src/bsp/bsp.o
                                      0x81fae (size before relaxing)
 .debug_str     0x0000000000081c44       0x59 ./src/bsp/stm32f1xx_hal_msp.o
                                      0x811e2 (size before relaxing)
 .debug_str     0x0000000000081c9d      0x407 ./src/bsp/stm32f1xx_it.o
                                      0x815b6 (size before relaxing)
 .debug_str     0x00000000000820a4       0x7d ./src/bsp/system_stm32f1xx.o
                                      0x545a1 (size before relaxing)
 .debug_str     0x0000000000082121       0x39 ./src/bsp/startup/startup_stm32f103c8tx.o
                                         0x68 (size before relaxing)
 .debug_str     0x000000000008215a       0x69 ./src/hw/driver/led.o
                                      0x81291 (size before relaxing)
 .debug_str     0x00000000000821c3       0x16 ./src/hw/hw.o
                                      0x81140 (size before relaxing)
 .debug_str     0x00000000000821d9      0x60d ./src/lib/cube_f103/Drivers/STM32F1xx_HAL_Driver/Src/stm32f1xx_hal.o
                                      0x7daf0 (size before relaxing)
 .debug_str     0x00000000000827e6      0x2a5 ./src/lib/cube_f103/Drivers/STM32F1xx_HAL_Driver/Src/stm32f1xx_hal_cortex.o
                                      0x7da3c (size before relaxing)
 .debug_str     0x0000000000082a8b      0x2f5 ./src/lib/cube_f103/Drivers/STM32F1xx_HAL_Driver/Src/stm32f1xx_hal_gpio.o
                                      0x7d743 (size before relaxing)
 .debug_str     0x0000000000082d80      0x585 ./src/lib/cube_f103/Drivers/STM32F1xx_HAL_Driver/Src/stm32f1xx_hal_pcd.o
                                      0x7dc95 (size before relaxing)
 .debug_str     0x0000000000083305      0x182 ./src/lib/cube_f103/Drivers/STM32F1xx_HAL_Driver/Src/stm32f1xx_hal_pcd_ex.o
                                      0x7d831 (size before relaxing)
 .debug_str     0x0000000000083487      0x23b ./src/lib/cube_f103/Drivers/STM32F1xx_HAL_Driver/Src/stm32f1xx_hal_rcc.o
                                      0x7d7ec (size before relaxing)
 .debug_str     0x00000000000836c2       0xb1 ./src/lib/cube_f103/Drivers/STM32F1xx_HAL_Driver/Src/stm32f1xx_hal_rcc_ex.o
                                      0x7d53c (size before relaxing)
 .debug_str     0x0000000000083773      0x13b ./src/lib/cube_f103/Drivers/STM32F1xx_HAL_Driver/Src/stm32f1xx_ll_usb.o
                                      0x7d864 (size before relaxing)
 .debug_str     0x00000000000838ae      0x979 ./src/lib/cube_f103/Middlewares/ST/STM32_USB_Device_Library/Class/CDC/Src/usbd_cdc.o
                                      0x829f7 (size before relaxing)
 .debug_str     0x0000000000084227      0x293 ./src/lib/cube_f103/Middlewares/ST/STM32_USB_Device_Library/Core/Src/usbd_core.o
                                      0x82332 (size before relaxing)
 .debug_str     0x00000000000844ba      0x132 ./src/lib/cube_f103/Middlewares/ST/STM32_USB_Device_Library/Core/Src/usbd_ctlreq.o
                                      0x8224c (size before relaxing)
 .debug_str     0x00000000000845ec       0x63 ./src/lib/cube_f103/Middlewares/ST/STM32_USB_Device_Library/Core/Src/usbd_ioreq.o
                                      0x82179 (size before relaxing)
 .debug_str     0x000000000008464f      0x115 ./src/lib/cube_f103/USB_DEVICE/App/usb_device.o
                                      0x82502 (size before relaxing)
 .debug_str     0x0000000000084764       0x8f ./src/lib/cube_f103/USB_DEVICE/App/usbd_cdc_if.o
                                      0x82528 (size before relaxing)
 .debug_str     0x00000000000847f3      0x26a ./src/lib/cube_f103/USB_DEVICE/App/usbd_desc.o
                                      0x820b5 (size before relaxing)
 .debug_str     0x0000000000084a5d       0x8a ./src/lib/cube_f103/USB_DEVICE/Target/usbd_conf.o
                                      0x82f84 (size before relaxing)
 .debug_str     0x0000000000084ae7       0x13 ./src/main.o
                                      0x81157 (size before relaxing)

.comment        0x0000000000000000       0x50
 .comment       0x0000000000000000       0x50 ./src/ap/ap.o
                                         0x51 (size before relaxing)
 .comment       0x0000000000000050       0x51 ./src/bsp/bsp.o
 .comment       0x0000000000000050       0x51 ./src/bsp/stm32f1xx_hal_msp.o
 .comment       0x0000000000000050       0x51 ./src/bsp/stm32f1xx_it.o
 .comment       0x0000000000000050       0x51 ./src/bsp/system_stm32f1xx.o
 .comment       0x0000000000000050       0x51 ./src/hw/driver/led.o
 .comment       0x0000000000000050       0x51 ./src/hw/hw.o
 .comment       0x0000000000000050       0x51 ./src/lib/cube_f103/Drivers/STM32F1xx_HAL_Driver/Src/stm32f1xx_hal.o
 .comment       0x0000000000000050       0x51 ./src/lib/cube_f103/Drivers/STM32F1xx_HAL_Driver/Src/stm32f1xx_hal_cortex.o
 .comment       0x0000000000000050       0x51 ./src/lib/cube_f103/Drivers/STM32F1xx_HAL_Driver/Src/stm32f1xx_hal_gpio.o
 .comment       0x0000000000000050       0x51 ./src/lib/cube_f103/Drivers/STM32F1xx_HAL_Driver/Src/stm32f1xx_hal_pcd.o
 .comment       0x0000000000000050       0x51 ./src/lib/cube_f103/Drivers/STM32F1xx_HAL_Driver/Src/stm32f1xx_hal_pcd_ex.o
 .comment       0x0000000000000050       0x51 ./src/lib/cube_f103/Drivers/STM32F1xx_HAL_Driver/Src/stm32f1xx_hal_rcc.o
 .comment       0x0000000000000050       0x51 ./src/lib/cube_f103/Drivers/STM32F1xx_HAL_Driver/Src/stm32f1xx_hal_rcc_ex.o
 .comment       0x0000000000000050       0x51 ./src/lib/cube_f103/Drivers/STM32F1xx_HAL_Driver/Src/stm32f1xx_ll_usb.o
 .comment       0x0000000000000050       0x51 ./src/lib/cube_f103/Middlewares/ST/STM32_USB_Device_Library/Class/CDC/Src/usbd_cdc.o
 .comment       0x0000000000000050       0x51 ./src/lib/cube_f103/Middlewares/ST/STM32_USB_Device_Library/Core/Src/usbd_core.o
 .comment       0x0000000000000050       0x51 ./src/lib/cube_f103/Middlewares/ST/STM32_USB_Device_Library/Core/Src/usbd_ctlreq.o
 .comment       0x0000000000000050       0x51 ./src/lib/cube_f103/Middlewares/ST/STM32_USB_Device_Library/Core/Src/usbd_ioreq.o
 .comment       0x0000000000000050       0x51 ./src/lib/cube_f103/USB_DEVICE/App/usb_device.o
 .comment       0x0000000000000050       0x51 ./src/lib/cube_f103/USB_DEVICE/App/usbd_cdc_if.o
 .comment       0x0000000000000050       0x51 ./src/lib/cube_f103/USB_DEVICE/App/usbd_desc.o
 .comment       0x0000000000000050       0x51 ./src/lib/cube_f103/USB_DEVICE/Target/usbd_conf.o
 .comment       0x0000000000000050       0x51 ./src/main.o

.debug_frame    0x0000000000000000     0x2908
 .debug_frame   0x0000000000000000       0x4c ./src/ap/ap.o
 .debug_frame   0x000000000000004c       0xb0 ./src/bsp/bsp.o
 .debug_frame   0x00000000000000fc       0x38 ./src/bsp/stm32f1xx_hal_msp.o
 .debug_frame   0x0000000000000134      0x120 ./src/bsp/stm32f1xx_it.o
 .debug_frame   0x0000000000000254       0x58 ./src/bsp/system_stm32f1xx.o
 .debug_frame   0x00000000000002ac       0xa0 ./src/hw/driver/led.o
 .debug_frame   0x000000000000034c       0x2c ./src/hw/hw.o
 .debug_frame   0x0000000000000378      0x334 ./src/lib/cube_f103/Drivers/STM32F1xx_HAL_Driver/Src/stm32f1xx_hal.o
 .debug_frame   0x00000000000006ac      0x428 ./src/lib/cube_f103/Drivers/STM32F1xx_HAL_Driver/Src/stm32f1xx_hal_cortex.o
 .debug_frame   0x0000000000000ad4      0x14c ./src/lib/cube_f103/Drivers/STM32F1xx_HAL_Driver/Src/stm32f1xx_hal_gpio.o
 .debug_frame   0x0000000000000c20      0x578 ./src/lib/cube_f103/Drivers/STM32F1xx_HAL_Driver/Src/stm32f1xx_hal_pcd.o
 .debug_frame   0x0000000000001198       0xb0 ./src/lib/cube_f103/Drivers/STM32F1xx_HAL_Driver/Src/stm32f1xx_hal_pcd_ex.o
 .debug_frame   0x0000000000001248      0x21c ./src/lib/cube_f103/Drivers/STM32F1xx_HAL_Driver/Src/stm32f1xx_hal_rcc.o
 .debug_frame   0x0000000000001464       0x84 ./src/lib/cube_f103/Drivers/STM32F1xx_HAL_Driver/Src/stm32f1xx_hal_rcc_ex.o
 .debug_frame   0x00000000000014e8      0x450 ./src/lib/cube_f103/Drivers/STM32F1xx_HAL_Driver/Src/stm32f1xx_ll_usb.o
 .debug_frame   0x0000000000001938      0x248 ./src/lib/cube_f103/Middlewares/ST/STM32_USB_Device_Library/Class/CDC/Src/usbd_cdc.o
 .debug_frame   0x0000000000001b80      0x300 ./src/lib/cube_f103/Middlewares/ST/STM32_USB_Device_Library/Core/Src/usbd_core.o
 .debug_frame   0x0000000000001e80      0x218 ./src/lib/cube_f103/Middlewares/ST/STM32_USB_Device_Library/Core/Src/usbd_ctlreq.o
 .debug_frame   0x0000000000002098      0x10c ./src/lib/cube_f103/Middlewares/ST/STM32_USB_Device_Library/Core/Src/usbd_ioreq.o
 .debug_frame   0x00000000000021a4       0x2c ./src/lib/cube_f103/USB_DEVICE/App/usb_device.o
 .debug_frame   0x00000000000021d0       0xbc ./src/lib/cube_f103/USB_DEVICE/App/usbd_cdc_if.o
 .debug_frame   0x000000000000228c      0x160 ./src/lib/cube_f103/USB_DEVICE/App/usbd_desc.o
 .debug_frame   0x00000000000023ec      0x4a4 ./src/lib/cube_f103/USB_DEVICE/Target/usbd_conf.o
 .debug_frame   0x0000000000002890       0x2c ./src/main.o
 .debug_frame   0x00000000000028bc       0x2c c:/st/stm32cubeide_1.10.1/stm32cubeide/plugins/com.st.stm32cube.ide.mcu.externaltools.gnu-tools-for-stm32.10.3-2021.10.win32_1.0.0.202111181127/tools/bin/../lib/gcc/arm-none-eabi/10.3.1/../../../../arm-none-eabi/lib/thumb/v7-m/nofp\libc_nano.a(lib_a-init.o)
 .debug_frame   0x00000000000028e8       0x20 c:/st/stm32cubeide_1.10.1/stm32cubeide/plugins/com.st.stm32cube.ide.mcu.externaltools.gnu-tools-for-stm32.10.3-2021.10.win32_1.0.0.202111181127/tools/bin/../lib/gcc/arm-none-eabi/10.3.1/../../../../arm-none-eabi/lib/thumb/v7-m/nofp\libc_nano.a(lib_a-memset.o)
